    Finished `release` profile [optimized] target(s) in 0.09s
     Running tests\m8_evidence.rs (target\release\deps\m8_evidence-324cfbca8b75df81.exe)

running 1 test
[    14 s] energetic 150000 seed 9: 13.9 s
[    14 s] energetic 150000 seed 8: 13.9 s
[    14 s] energetic 150000 seed 2: 13.9 s
[    14 s] energetic 150000 seed 4: 13.9 s
[    14 s] energetic 150000 seed 3: 13.9 s
[    14 s] energetic 150000 seed 5: 14.0 s
[    14 s] energetic 150000 seed 6: 13.9 s
[    14 s] energetic 150000 seed 10: 13.9 s
[    14 s] energetic 150000 seed 7: 14.0 s
[    14 s] energetic 150000 seed 1: 13.9 s
energetic, 150000 particles: wall time per run 14 to 14 s
energetic, 150000 particles: spl_db : {"value": 360}
energetic, 150000 particles: edt_s  : {"monte_carlo_noise": 342, "value": 18}
energetic, 150000 particles: t20_s  : {"missing_moves": 2, "monte_carlo_noise": 358}
energetic, 150000 particles: t30_s  : {"missing_moves": 358, "monte_carlo_noise": 2}
energetic, 150000 particles: c50_db : {"params_bad_arrival": 120, "value": 240}
energetic, 150000 particles: c80_db : {"params_bad_arrival": 120, "value": 240}
energetic, 150000 particles: d50    : {"params_bad_arrival": 120, "value": 240}
energetic, 150000 particles: ts_s   : {"params_bad_arrival": 120, "value": 240}
energetic, 150000 particles: spl_db : 36 receiver-bands, spread/estimate pooled 0.71, median 0.69, from 0.42 to 1.06; 0 left out
energetic, 150000 particles: edt_s  : 36 receiver-bands, spread/estimate pooled 0.37, median 0.36, from 0.21 to 0.60; 0 left out
energetic, 150000 particles: t20_s  : 36 receiver-bands, spread/estimate pooled 0.11, median 0.10, from 0.06 to 0.15; 0 left out
energetic, 150000 particles: t30_s  : 36 receiver-bands, spread/estimate pooled 0.07, median 0.07, from 0.04 to 0.10; 0 left out
energetic, 150000 particles: c50_db : 24 receiver-bands, spread/estimate pooled 0.54, median 0.51, from 0.32 to 0.80; 12 left out
energetic, 150000 particles: c80_db : 24 receiver-bands, spread/estimate pooled 0.40, median 0.38, from 0.29 to 0.58; 12 left out
energetic, 150000 particles: d50    : 24 receiver-bands, spread/estimate pooled 0.54, median 0.51, from 0.32 to 0.80; 12 left out
energetic, 150000 particles: ts_s   : 24 receiver-bands, spread/estimate pooled 0.46, median 0.48, from 0.26 to 0.62; 12 left out
energetic, 150000 particles: statistics [{"absorbed_by_atmosphere":533,"absorbed_by_fittings":0,"absorbed_by_materials":149466,"freq_hz":125,"lost_by_infinite_loops":1,"lost_by_meshing_problems":0,"remaining":0,"total":150000},{"absorbed_by_atmosphere":1622,"absorbed_by_fittings":0,"absorbed_by_materials":148378,"freq_hz":250,"lost_by_infinite_loops":0,"lost_by_meshing_problems":0,"remaining":0,"total":150000},{"absorbed_by_atmosphere":1311,"absorbed_by_fittings":0,"absorbed_by_materials":148687,"freq_hz":500,"lost_by_infinite_loops":0,"lost_by_meshing_problems":2,"remaining":0,"total":150000},{"absorbed_by_atmosphere":2583,"absorbed_by_fittings":0,"absorbed_by_materials":147416,"freq_hz":1000,"lost_by_infinite_loops":0,"lost_by_meshing_problems":1,"remaining":0,"total":150000},{"absorbed_by_atmosphere":5665,"absorbed_by_fittings":0,"absorbed_by_materials":144333,"freq_hz":2000,"lost_by_infinite_loops":0,"lost_by_meshing_problems":2,"remaining":0,"total":150000},{"absorbed_by_atmosphere":15435,"absorbed_by_fittings":0,"absorbed_by_materials":134563,"freq_hz":4000,"lost_by_infinite_loops":0,"lost_by_meshing_problems":2,"remaining":0,"total":150000}]
energetic, 150000 particles: statistics [{"absorbed_by_atmosphere":521,"absorbed_by_fittings":0,"absorbed_by_materials":149478,"freq_hz":125,"lost_by_infinite_loops":0,"lost_by_meshing_problems":1,"remaining":0,"total":150000},{"absorbed_by_atmosphere":1688,"absorbed_by_fittings":0,"absorbed_by_materials":148310,"freq_hz":250,"lost_by_infinite_loops":1,"lost_by_meshing_problems":1,"remaining":0,"total":150000},{"absorbed_by_atmosphere":1375,"absorbed_by_fittings":0,"absorbed_by_materials":148625,"freq_hz":500,"lost_by_infinite_loops":0,"lost_by_meshing_problems":0,"remaining":0,"total":150000},{"absorbed_by_atmosphere":2485,"absorbed_by_fittings":0,"absorbed_by_materials":147515,"freq_hz":1000,"lost_by_infinite_loops":0,"lost_by_meshing_problems":0,"remaining":0,"total":150000},{"absorbed_by_atmosphere":5571,"absorbed_by_fittings":0,"absorbed_by_materials":144425,"freq_hz":2000,"lost_by_infinite_loops":0,"lost_by_meshing_problems":4,"remaining":0,"total":150000},{"absorbed_by_atmosphere":15367,"absorbed_by_fittings":0,"absorbed_by_materials":134630,"freq_hz":4000,"lost_by_infinite_loops":0,"lost_by_meshing_problems":3,"remaining":0,"total":150000}]
energetic, 150000 particles: statistics [{"absorbed_by_atmosphere":526,"absorbed_by_fittings":0,"absorbed_by_materials":149473,"freq_hz":125,"lost_by_infinite_loops":0,"lost_by_meshing_problems":1,"remaining":0,"total":150000},{"absorbed_by_atmosphere":1678,"absorbed_by_fittings":0,"absorbed_by_materials":148319,"freq_hz":250,"lost_by_infinite_loops":0,"lost_by_meshing_problems":3,"remaining":0,"total":150000},{"absorbed_by_atmosphere":1403,"absorbed_by_fittings":0,"absorbed_by_materials":148596,"freq_hz":500,"lost_by_infinite_loops":0,"lost_by_meshing_problems":1,"remaining":0,"total":150000},{"absorbed_by_atmosphere":2505,"absorbed_by_fittings":0,"absorbed_by_materials":147494,"freq_hz":1000,"lost_by_infinite_loops":0,"lost_by_meshing_problems":1,"remaining":0,"total":150000},{"absorbed_by_atmosphere":5699,"absorbed_by_fittings":0,"absorbed_by_materials":144301,"freq_hz":2000,"lost_by_infinite_loops":0,"lost_by_meshing_problems":0,"remaining":0,"total":150000},{"absorbed_by_atmosphere":15455,"absorbed_by_fittings":0,"absorbed_by_materials":134545,"freq_hz":4000,"lost_by_infinite_loops":0,"lost_by_meshing_problems":0,"remaining":0,"total":150000}]
energetic, 150000 particles: statistics [{"absorbed_by_atmosphere":496,"absorbed_by_fittings":0,"absorbed_by_materials":149503,"freq_hz":125,"lost_by_infinite_loops":0,"lost_by_meshing_problems":1,"remaining":0,"total":150000},{"absorbed_by_atmosphere":1647,"absorbed_by_fittings":0,"absorbed_by_materials":148349,"freq_hz":250,"lost_by_infinite_loops":0,"lost_by_meshing_problems":4,"remaining":0,"total":150000},{"absorbed_by_atmosphere":1347,"absorbed_by_fittings":0,"absorbed_by_materials":148653,"freq_hz":500,"lost_by_infinite_loops":0,"lost_by_meshing_problems":0,"remaining":0,"total":150000},{"absorbed_by_atmosphere":2574,"absorbed_by_fittings":0,"absorbed_by_materials":147424,"freq_hz":1000,"lost_by_infinite_loops":1,"lost_by_meshing_problems":1,"remaining":0,"total":150000},{"absorbed_by_atmosphere":5627,"absorbed_by_fittings":0,"absorbed_by_materials":144369,"freq_hz":2000,"lost_by_infinite_loops":0,"lost_by_meshing_problems":4,"remaining":0,"total":150000},{"absorbed_by_atmosphere":15384,"absorbed_by_fittings":0,"absorbed_by_materials":134613,"freq_hz":4000,"lost_by_infinite_loops":0,"lost_by_meshing_problems":3,"remaining":0,"total":150000}]
energetic, 150000 particles: statistics [{"absorbed_by_atmosphere":508,"absorbed_by_fittings":0,"absorbed_by_materials":149488,"freq_hz":125,"lost_by_infinite_loops":1,"lost_by_meshing_problems":3,"remaining":0,"total":150000},{"absorbed_by_atmosphere":1669,"absorbed_by_fittings":0,"absorbed_by_materials":148328,"freq_hz":250,"lost_by_infinite_loops":0,"lost_by_meshing_problems":3,"remaining":0,"total":150000},{"absorbed_by_atmosphere":1318,"absorbed_by_fittings":0,"absorbed_by_materials":148681,"freq_hz":500,"lost_by_infinite_loops":0,"lost_by_meshing_problems":1,"remaining":0,"total":150000},{"absorbed_by_atmosphere":2410,"absorbed_by_fittings":0,"absorbed_by_materials":147586,"freq_hz":1000,"lost_by_infinite_loops":0,"lost_by_meshing_problems":4,"remaining":0,"total":150000},{"absorbed_by_atmosphere":5723,"absorbed_by_fittings":0,"absorbed_by_materials":144273,"freq_hz":2000,"lost_by_infinite_loops":0,"lost_by_meshing_problems":4,"remaining":0,"total":150000},{"absorbed_by_atmosphere":15376,"absorbed_by_fittings":0,"absorbed_by_materials":134622,"freq_hz":4000,"lost_by_infinite_loops":0,"lost_by_meshing_problems":2,"remaining":0,"total":150000}]
energetic, 150000 particles: statistics [{"absorbed_by_atmosphere":520,"absorbed_by_fittings":0,"absorbed_by_materials":149479,"freq_hz":125,"lost_by_infinite_loops":1,"lost_by_meshing_problems":0,"remaining":0,"total":150000},{"absorbed_by_atmosphere":1715,"absorbed_by_fittings":0,"absorbed_by_materials":148284,"freq_hz":250,"lost_by_infinite_loops":0,"lost_by_meshing_problems":1,"remaining":0,"total":150000},{"absorbed_by_atmosphere":1366,"absorbed_by_fittings":0,"absorbed_by_materials":148632,"freq_hz":500,"lost_by_infinite_loops":1,"lost_by_meshing_problems":1,"remaining":0,"total":150000},{"absorbed_by_atmosphere":2627,"absorbed_by_fittings":0,"absorbed_by_materials":147373,"freq_hz":1000,"lost_by_infinite_loops":0,"lost_by_meshing_problems":0,"remaining":0,"total":150000},{"absorbed_by_atmosphere":5693,"absorbed_by_fittings":0,"absorbed_by_materials":144305,"freq_hz":2000,"lost_by_infinite_loops":0,"lost_by_meshing_problems":2,"remaining":0,"total":150000},{"absorbed_by_atmosphere":15434,"absorbed_by_fittings":0,"absorbed_by_materials":134565,"freq_hz":4000,"lost_by_infinite_loops":0,"lost_by_meshing_problems":1,"remaining":0,"total":150000}]
energetic, 150000 particles: statistics [{"absorbed_by_atmosphere":500,"absorbed_by_fittings":0,"absorbed_by_materials":149499,"freq_hz":125,"lost_by_infinite_loops":0,"lost_by_meshing_problems":1,"remaining":0,"total":150000},{"absorbed_by_atmosphere":1686,"absorbed_by_fittings":0,"absorbed_by_materials":148313,"freq_hz":250,"lost_by_infinite_loops":0,"lost_by_meshing_problems":1,"remaining":0,"total":150000},{"absorbed_by_atmosphere":1360,"absorbed_by_fittings":0,"absorbed_by_materials":148637,"freq_hz":500,"lost_by_infinite_loops":0,"lost_by_meshing_problems":3,"remaining":0,"total":150000},{"absorbed_by_atmosphere":2570,"absorbed_by_fittings":0,"absorbed_by_materials":147429,"freq_hz":1000,"lost_by_infinite_loops":0,"lost_by_meshing_problems":1,"remaining":0,"total":150000},{"absorbed_by_atmosphere":5572,"absorbed_by_fittings":0,"absorbed_by_materials":144425,"freq_hz":2000,"lost_by_infinite_loops":1,"lost_by_meshing_problems":2,"remaining":0,"total":150000},{"absorbed_by_atmosphere":15243,"absorbed_by_fittings":0,"absorbed_by_materials":134756,"freq_hz":4000,"lost_by_infinite_loops":0,"lost_by_meshing_problems":1,"remaining":0,"total":150000}]
energetic, 150000 particles: statistics [{"absorbed_by_atmosphere":509,"absorbed_by_fittings":0,"absorbed_by_materials":149487,"freq_hz":125,"lost_by_infinite_loops":1,"lost_by_meshing_problems":3,"remaining":0,"total":150000},{"absorbed_by_atmosphere":1667,"absorbed_by_fittings":0,"absorbed_by_materials":148332,"freq_hz":250,"lost_by_infinite_loops":0,"lost_by_meshing_problems":1,"remaining":0,"total":150000},{"absorbed_by_atmosphere":1358,"absorbed_by_fittings":0,"absorbed_by_materials":148640,"freq_hz":500,"lost_by_infinite_loops":0,"lost_by_meshing_problems":2,"remaining":0,"total":150000},{"absorbed_by_atmosphere":2576,"absorbed_by_fittings":0,"absorbed_by_materials":147423,"freq_hz":1000,"lost_by_infinite_loops":0,"lost_by_meshing_problems":1,"remaining":0,"total":150000},{"absorbed_by_atmosphere":5619,"absorbed_by_fittings":0,"absorbed_by_materials":144379,"freq_hz":2000,"lost_by_infinite_loops":0,"lost_by_meshing_problems":2,"remaining":0,"total":150000},{"absorbed_by_atmosphere":15251,"absorbed_by_fittings":0,"absorbed_by_materials":134748,"freq_hz":4000,"lost_by_infinite_loops":0,"lost_by_meshing_problems":1,"remaining":0,"total":150000}]
energetic, 150000 particles: statistics [{"absorbed_by_atmosphere":495,"absorbed_by_fittings":0,"absorbed_by_materials":149501,"freq_hz":125,"lost_by_infinite_loops":0,"lost_by_meshing_problems":4,"remaining":0,"total":150000},{"absorbed_by_atmosphere":1646,"absorbed_by_fittings":0,"absorbed_by_materials":148353,"freq_hz":250,"lost_by_infinite_loops":0,"lost_by_meshing_problems":1,"remaining":0,"total":150000},{"absorbed_by_atmosphere":1397,"absorbed_by_fittings":0,"absorbed_by_materials":148602,"freq_hz":500,"lost_by_infinite_loops":0,"lost_by_meshing_problems":1,"remaining":0,"total":150000},{"absorbed_by_atmosphere":2487,"absorbed_by_fittings":0,"absorbed_by_materials":147509,"freq_hz":1000,"lost_by_infinite_loops":1,"lost_by_meshing_problems":3,"remaining":0,"total":150000},{"absorbed_by_atmosphere":5699,"absorbed_by_fittings":0,"absorbed_by_materials":144299,"freq_hz":2000,"lost_by_infinite_loops":0,"lost_by_meshing_problems":2,"remaining":0,"total":150000},{"absorbed_by_atmosphere":15282,"absorbed_by_fittings":0,"absorbed_by_materials":134716,"freq_hz":4000,"lost_by_infinite_loops":0,"lost_by_meshing_problems":2,"remaining":0,"total":150000}]
energetic, 150000 particles: statistics [{"absorbed_by_atmosphere":519,"absorbed_by_fittings":0,"absorbed_by_materials":149477,"freq_hz":125,"lost_by_infinite_loops":0,"lost_by_meshing_problems":4,"remaining":0,"total":150000},{"absorbed_by_atmosphere":1638,"absorbed_by_fittings":0,"absorbed_by_materials":148360,"freq_hz":250,"lost_by_infinite_loops":1,"lost_by_meshing_problems":1,"remaining":0,"total":150000},{"absorbed_by_atmosphere":1377,"absorbed_by_fittings":0,"absorbed_by_materials":148620,"freq_hz":500,"lost_by_infinite_loops":0,"lost_by_meshing_problems":3,"remaining":0,"total":150000},{"absorbed_by_atmosphere":2579,"absorbed_by_fittings":0,"absorbed_by_materials":147418,"freq_hz":1000,"lost_by_infinite_loops":0,"lost_by_meshing_problems":3,"remaining":0,"total":150000},{"absorbed_by_atmosphere":5587,"absorbed_by_fittings":0,"absorbed_by_materials":144413,"freq_hz":2000,"lost_by_infinite_loops":0,"lost_by_meshing_problems":0,"remaining":0,"total":150000},{"absorbed_by_atmosphere":15279,"absorbed_by_fittings":0,"absorbed_by_materials":134719,"freq_hz":4000,"lost_by_infinite_loops":1,"lost_by_meshing_problems":1,"remaining":0,"total":150000}]
test energetic_noise_against_ten_seeds has been running for over 60 seconds
[   128 s] energetic 1500000 seed 1: 127.9 s
[   128 s] energetic 1500000 seed 9: 127.9 s
[   128 s] energetic 1500000 seed 8: 128.0 s
[   128 s] energetic 1500000 seed 6: 128.1 s
[   128 s] energetic 1500000 seed 5: 128.2 s

thread '<unnamed>' (9440) panicked at crates\simpa\tests\m8_evidence.rs:105:21:
assertion `left == right` failed: energetic 1500000 seed 7: Out {
    code: 6,
    stdout: "{\n  \"results_version\": 3,\n  \"run_folder\": \"B:\\\\repos\\\\I-Simpa_Night_Mode\\\\target\\\\agents\\\\m7fu-critical-scratch\\\\energetic-seeds-1500000-1790261009\\\\006\\\\runs\\\\20260924-164329-393-spps\",\n  \"refused\": {\n    \"code\": \"results_value_invalid\",\n    \"detail\": \"Punctual receivers/R001/Advanced sound level.gap: 250 Hz lateral +1 value 12 is NaN, not a finite energy of at least 0\",\n    \"reasons\": []\n  },\n  \"exit_code\": 6\n}\n",
    stderr: "simpa: results refused: results_value_invalid: Punctual receivers/R001/Advanced sound level.gap: 250 Hz lateral +1 value 12 is NaN, not a finite energy of at least 0\n",
    ms: 7.7402,
}
  left: 6
 right: 0
note: run with `RUST_BACKTRACE=1` environment variable to display a backtrace
[   128 s] energetic 1500000 seed 3: 128.2 s
[   128 s] energetic 1500000 seed 10: 128.3 s
[   129 s] energetic 1500000 seed 2: 129.1 s
[   131 s] energetic 1500000 seed 4: 131.1 s

thread 'energetic_noise_against_ten_seeds' (4620) panicked at crates\simpa\tests\m8_evidence.rs:73:5:
a scoped thread panicked
test energetic_noise_against_ten_seeds ... FAILED

failures:

failures:
    energetic_noise_against_ten_seeds

test result: FAILED. 0 passed; 1 failed; 0 ignored; 0 measured; 2 filtered out; finished in 145.82s

error: test failed, to rerun pass `-p simpa --test m8_evidence`
