
running 1 test
CELL 6x10x3 alpha 0.4 Random N 260000000 1.5 s dt 0.01 eps 5: 3 seeds, 18 receiver-bands; through in every seed: T30 18, EDT 0, C80 18, D50 18; wall re-read; refused {"edt_s early_unresolved": 54}
  T30: 18 of 18 receiver-bands in all 3 seeds; range of seeds 1-3 per receiver-band median 0.57 %, worst 1.47 %; of the cell's mean 0.03 %; relative sd per receiver-band pooled 0.42 % ± 0.05 % (36 dof); from it P(3-seed range <= 2 %) 0.998 per receiver-band, 0.959 for all 18; particles for a mean range of 2 % / 95 % per receiver-band / 95 % for all: 33.1 M / 126.6 M / 251.9 M
  EDT: 18 of 18 receiver-bands in all 3 seeds; range of seeds 1-3 per receiver-band median 0.15 %, worst 0.35 %; of the cell's mean 0.01 %; relative sd per receiver-band pooled 0.10 % ± 0.01 % (36 dof); from it P(3-seed range <= 2 %) 1.000 per receiver-band, 1.000 for all 18; particles for a mean range of 2 % / 95 % per receiver-band / 95 % for all: 1.8 M / 6.9 M / 13.7 M
  T30 estimated sd median 0.43 %, largest 0.51 %; mean T30 against Eyring (K = 24 ln10/343.2) over the bands +10.73 %; per band: 125 Hz 0.2909 s (+10.73 % ± 0.17 %); 250 Hz 0.2904 s (+10.56 % ± 0.15 %); 500 Hz 0.2915 s (+10.98 % ± 0.18 %); 1000 Hz 0.2909 s (+10.76 % ± 0.12 %); 2000 Hz 0.2904 s (+10.56 % ± 0.14 %); 4000 Hz 0.2910 s (+10.77 % ± 0.08 %)
  per receiver, mean over bands and seeds: R000 EDT 0.2942 ± 0.0001 s, T30 0.2909 ± 0.0003 s; R001 EDT 0.2884 ± 0.0001 s, T30 0.2907 ± 0.0002 s; R002 EDT 0.2913 ± 0.0001 s, T30 0.2910 ± 0.0004 s
CELL 6x10x3 alpha 0.05 Energetic N 4000000 4 s dt 0.01 eps 7 air: 3 seeds, 21 receiver-bands; through in every seed: T30 21, EDT 21, C80 20, D50 21; wall re-read; refused {"c80_db missing_moves": 1}
  T30: 21 of 21 receiver-bands in all 3 seeds; range of seeds 1-3 per receiver-band median 0.04 %, worst 0.11 %; of the cell's mean 0.01 %; relative sd per receiver-band pooled 0.03 % ± 0.00 % (42 dof); from it P(3-seed range <= 2 %) 1.000 per receiver-band, 1.000 for all 21; particles for a mean range of 2 % / 95 % per receiver-band / 95 % for all: 0.0 M / 0.0 M / 0.0 M
  EDT: 21 of 21 receiver-bands in all 3 seeds; range of seeds 1-3 per receiver-band median 0.13 %, worst 0.32 %; of the cell's mean 0.06 %; relative sd per receiver-band pooled 0.08 % ± 0.01 % (42 dof); from it P(3-seed range <= 2 %) 1.000 per receiver-band, 1.000 for all 21; particles for a mean range of 2 % / 95 % per receiver-band / 95 % for all: 0.0 M / 0.1 M / 0.2 M
  T30 estimated sd median 1.08 %, largest 1.85 %; mean T30 against Eyring (K = 24 ln10/343.2, 4mV the solver's) over the bands +1.00 %; per band: 125 Hz 2.6300 s (+1.20 % ± 0.01 %); 250 Hz 2.5966 s (+1.20 % ± 0.01 %); 500 Hz 2.5423 s (+1.15 % ± 0.01 %); 1000 Hz 2.4725 s (+1.11 % ± 0.01 %); 2000 Hz 2.3024 s (+1.03 % ± 0.01 %); 4000 Hz 1.8264 s (+0.82 % ± 0.00 %); 8000 Hz 1.0202 s (+0.46 % ± 0.01 %)
  per receiver, mean over bands and seeds: R000 EDT 2.2002 ± 0.1216 s, T30 2.1987 ± 0.1218 s; R001 EDT 2.1966 ± 0.1220 s, T30 2.1986 ± 0.1217 s; R002 EDT 2.1998 ± 0.1216 s, T30 2.1986 ± 0.1217 s
CELL 6x10x3 alpha 0.1 Random N 40000000 3 s dt 0.01 eps 5: 3 seeds, 18 receiver-bands; through in every seed: T30 18, EDT 18, C80 18, D50 18; wall re-read; refused {}
  T30: 18 of 18 receiver-bands in all 3 seeds; range of seeds 1-3 per receiver-band median 0.46 %, worst 1.73 %; of the cell's mean 0.21 %; relative sd per receiver-band pooled 0.40 % ± 0.05 % (36 dof); from it P(3-seed range <= 2 %) 0.999 per receiver-band, 0.977 for all 18; particles for a mean range of 2 % / 95 % per receiver-band / 95 % for all: 4.6 M / 17.7 M / 35.2 M
  EDT: 18 of 18 receiver-bands in all 3 seeds; range of seeds 1-3 per receiver-band median 0.17 %, worst 0.52 %; of the cell's mean 0.07 %; relative sd per receiver-band pooled 0.12 % ± 0.01 % (36 dof); from it P(3-seed range <= 2 %) 1.000 per receiver-band, 1.000 for all 18; particles for a mean range of 2 % / 95 % per receiver-band / 95 % for all: 0.4 M / 1.7 M / 3.3 M
  T30 estimated sd median 0.46 %, largest 0.53 %; mean T30 against Eyring (K = 24 ln10/343.2) over the bands +2.26 %; per band: 125 Hz 1.3042 s (+2.41 % ± 0.07 %); 250 Hz 1.3029 s (+2.31 % ± 0.15 %); 500 Hz 1.2990 s (+1.99 % ± 0.13 %); 1000 Hz 1.3013 s (+2.18 % ± 0.16 %); 2000 Hz 1.3034 s (+2.35 % ± 0.11 %); 4000 Hz 1.3034 s (+2.34 % ± 0.15 %)
  per receiver, mean over bands and seeds: R000 EDT 1.3064 ± 0.0004 s, T30 1.3027 ± 0.0012 s; R001 EDT 1.3013 ± 0.0003 s, T30 1.3017 ± 0.0013 s; R002 EDT 1.3062 ± 0.0003 s, T30 1.3027 ± 0.0013 s
CELL 6x10x3 alpha 0.2 Random N 80000000 2 s dt 0.01 eps 5: 3 seeds, 18 receiver-bands; through in every seed: T30 18, EDT 0, C80 18, D50 18; wall re-read; refused {"edt_s early_unresolved": 54}
  T30: 18 of 18 receiver-bands in all 3 seeds; range of seeds 1-3 per receiver-band median 0.60 %, worst 1.53 %; of the cell's mean 0.34 %; relative sd per receiver-band pooled 0.45 % ± 0.05 % (36 dof); from it P(3-seed range <= 2 %) 0.995 per receiver-band, 0.909 for all 18; particles for a mean range of 2 % / 95 % per receiver-band / 95 % for all: 11.8 M / 45.0 M / 89.6 M
  EDT: 18 of 18 receiver-bands in all 3 seeds; range of seeds 1-3 per receiver-band median 0.19 %, worst 0.35 %; of the cell's mean 0.06 %; relative sd per receiver-band pooled 0.10 % ± 0.01 % (36 dof); from it P(3-seed range <= 2 %) 1.000 per receiver-band, 1.000 for all 18; particles for a mean range of 2 % / 95 % per receiver-band / 95 % for all: 0.5 M / 2.1 M / 4.1 M
  T30 estimated sd median 0.48 %, largest 0.56 %; mean T30 against Eyring (K = 24 ln10/343.2) over the bands +4.95 %; per band: 125 Hz 0.6287 s (+4.55 % ± 0.15 %); 250 Hz 0.6320 s (+5.10 % ± 0.13 %); 500 Hz 0.6322 s (+5.14 % ± 0.16 %); 1000 Hz 0.6301 s (+4.78 % ± 0.21 %); 2000 Hz 0.6313 s (+4.98 % ± 0.12 %); 4000 Hz 0.6322 s (+5.14 % ± 0.14 %)
  per receiver, mean over bands and seeds: R000 EDT 0.6344 ± 0.0002 s, T30 0.6304 ± 0.0008 s; R001 EDT 0.6268 ± 0.0001 s, T30 0.6310 ± 0.0005 s; R002 EDT 0.6328 ± 0.0002 s, T30 0.6319 ± 0.0008 s
CELL 6x10x3 alpha 0.1 Energetic N 6000000 2 s dt 0.01 eps 7: 3 seeds, 18 receiver-bands; through in every seed: T30 18, EDT 18, C80 18, D50 18; wall re-read; refused {}
  T30: 18 of 18 receiver-bands in all 3 seeds; range of seeds 1-3 per receiver-band median 0.06 %, worst 0.10 %; of the cell's mean 0.01 %; relative sd per receiver-band pooled 0.03 % ± 0.00 % (36 dof); from it P(3-seed range <= 2 %) 1.000 per receiver-band, 1.000 for all 18; particles for a mean range of 2 % / 95 % per receiver-band / 95 % for all: 0.0 M / 0.0 M / 0.0 M
  EDT: 18 of 18 receiver-bands in all 3 seeds; range of seeds 1-3 per receiver-band median 0.15 %, worst 0.29 %; of the cell's mean 0.03 %; relative sd per receiver-band pooled 0.08 % ± 0.01 % (36 dof); from it P(3-seed range <= 2 %) 1.000 per receiver-band, 1.000 for all 18; particles for a mean range of 2 % / 95 % per receiver-band / 95 % for all: 0.0 M / 0.1 M / 0.2 M
  T30 estimated sd median 1.20 %, largest 1.35 %; mean T30 against Eyring (K = 24 ln10/343.2) over the bands +2.42 %; per band: 125 Hz 1.3044 s (+2.42 % ± 0.01 %); 250 Hz 1.3042 s (+2.41 % ± 0.01 %); 500 Hz 1.3044 s (+2.42 % ± 0.01 %); 1000 Hz 1.3045 s (+2.43 % ± 0.01 %); 2000 Hz 1.3043 s (+2.41 % ± 0.01 %); 4000 Hz 1.3042 s (+2.40 % ± 0.01 %)
  per receiver, mean over bands and seeds: R000 EDT 1.3068 ± 0.0003 s, T30 1.3042 ± 0.0001 s; R001 EDT 1.3015 ± 0.0003 s, T30 1.3043 ± 0.0001 s; R002 EDT 1.3058 ± 0.0003 s, T30 1.3044 ± 0.0001 s
CELL 5x4x3 alpha 0.1 Energetic N 4000000 2 s dt 0.01 eps 7 air: 3 seeds, 21 receiver-bands; through in every seed: T30 21, EDT 0, C80 21, D50 21; wall re-read; refused {"edt_s early_unresolved": 63}
  T30: 21 of 21 receiver-bands in all 3 seeds; range of seeds 1-3 per receiver-band median 0.04 %, worst 0.14 %; of the cell's mean 0.01 %; relative sd per receiver-band pooled 0.03 % ± 0.00 % (42 dof); from it P(3-seed range <= 2 %) 1.000 per receiver-band, 1.000 for all 21; particles for a mean range of 2 % / 95 % per receiver-band / 95 % for all: 0.0 M / 0.0 M / 0.0 M
  EDT: 21 of 21 receiver-bands in all 3 seeds; range of seeds 1-3 per receiver-band median 0.12 %, worst 0.25 %; of the cell's mean 0.05 %; relative sd per receiver-band pooled 0.07 % ± 0.01 % (42 dof); from it P(3-seed range <= 2 %) 1.000 per receiver-band, 1.000 for all 21; particles for a mean range of 2 % / 95 % per receiver-band / 95 % for all: 0.0 M / 0.1 M / 0.1 M
  T30 estimated sd median 0.98 %, largest 1.30 %; mean T30 against Eyring (K = 24 ln10/343.2, 4mV the solver's) over the bands +2.00 %; per band: 125 Hz 0.9946 s (+2.21 % ± 0.01 %); 250 Hz 0.9896 s (+2.19 % ± 0.01 %); 500 Hz 0.9818 s (+2.17 % ± 0.01 %); 1000 Hz 0.9709 s (+2.12 % ± 0.00 %); 2000 Hz 0.9437 s (+2.08 % ± 0.01 %); 4000 Hz 0.8526 s (+1.88 % ± 0.01 %); 8000 Hz 0.6228 s (+1.37 % ± 0.01 %)
  per receiver, mean over bands and seeds: R000 EDT 0.9055 ± 0.0281 s, T30 0.9080 ± 0.0279 s; R001 EDT 0.9058 ± 0.0281 s, T30 0.9080 ± 0.0279 s; R002 EDT 0.9056 ± 0.0280 s, T30 0.9080 ± 0.0279 s
CELL 5x4x3 alpha 0.05 Energetic N 1500000 3 s dt 0.01 eps 7: 3 seeds, 18 receiver-bands; through in every seed: T30 18, EDT 18, C80 18, D50 18; wall re-read; refused {}
  T30: 18 of 18 receiver-bands in all 3 seeds; range of seeds 1-3 per receiver-band median 0.04 %, worst 0.12 %; of the cell's mean 0.01 %; relative sd per receiver-band pooled 0.03 % ± 0.00 % (36 dof); from it P(3-seed range <= 2 %) 1.000 per receiver-band, 1.000 for all 18; particles for a mean range of 2 % / 95 % per receiver-band / 95 % for all: 0.0 M / 0.0 M / 0.0 M
  EDT: 18 of 18 receiver-bands in all 3 seeds; range of seeds 1-3 per receiver-band median 0.16 %, worst 0.27 %; of the cell's mean 0.06 %; relative sd per receiver-band pooled 0.09 % ± 0.01 % (36 dof); from it P(3-seed range <= 2 %) 1.000 per receiver-band, 1.000 for all 18; particles for a mean range of 2 % / 95 % per receiver-band / 95 % for all: 0.0 M / 0.0 M / 0.1 M
  T30 estimated sd median 1.05 %, largest 1.15 %; mean T30 against Eyring (K = 24 ln10/343.2) over the bands +1.10 %; per band: 125 Hz 2.0257 s (+1.09 % ± 0.01 %); 250 Hz 2.0260 s (+1.11 % ± 0.01 %); 500 Hz 2.0256 s (+1.09 % ± 0.01 %); 1000 Hz 2.0256 s (+1.09 % ± 0.01 %); 2000 Hz 2.0262 s (+1.12 % ± 0.01 %); 4000 Hz 2.0256 s (+1.09 % ± 0.00 %)
  per receiver, mean over bands and seeds: R000 EDT 2.0248 ± 0.0003 s, T30 2.0258 ± 0.0001 s; R001 EDT 2.0245 ± 0.0004 s, T30 2.0258 ± 0.0001 s; R002 EDT 2.0245 ± 0.0005 s, T30 2.0257 ± 0.0002 s
CELL 6x10x3 alpha 0.05 Random N 12000000 4 s dt 0.01 eps 5: 3 seeds, 18 receiver-bands; through in every seed: T30 18, EDT 18, C80 18, D50 18; wall re-read; refused {}
  T30: 18 of 18 receiver-bands in all 3 seeds; range of seeds 1-3 per receiver-band median 1.11 %, worst 1.94 %; of the cell's mean 0.21 %; relative sd per receiver-band pooled 0.62 % ± 0.07 % (36 dof); from it P(3-seed range <= 2 %) 0.944 per receiver-band, 0.352 for all 18; particles for a mean range of 2 % / 95 % per receiver-band / 95 % for all: 3.3 M / 12.5 M / 24.8 M
  EDT: 18 of 18 receiver-bands in all 3 seeds; range of seeds 1-3 per receiver-band median 0.32 %, worst 0.68 %; of the cell's mean 0.08 %; relative sd per receiver-band pooled 0.18 % ± 0.02 % (36 dof); from it P(3-seed range <= 2 %) 1.000 per receiver-band, 1.000 for all 18; particles for a mean range of 2 % / 95 % per receiver-band / 95 % for all: 0.3 M / 1.0 M / 2.0 M
  T30 estimated sd median 0.56 %, largest 0.64 %; mean T30 against Eyring (K = 24 ln10/343.2) over the bands +1.01 %; per band: 125 Hz 2.6394 s (+0.89 % ± 0.15 %); 250 Hz 2.6331 s (+0.65 % ± 0.23 %); 500 Hz 2.6360 s (+0.77 % ± 0.17 %); 1000 Hz 2.6395 s (+0.90 % ± 0.19 %); 2000 Hz 2.6485 s (+1.24 % ± 0.18 %); 4000 Hz 2.6585 s (+1.62 % ± 0.28 %)
  per receiver, mean over bands and seeds: R000 EDT 2.6502 ± 0.0012 s, T30 2.6471 ± 0.0036 s; R001 EDT 2.6445 ± 0.0009 s, T30 2.6443 ± 0.0049 s; R002 EDT 2.6478 ± 0.0014 s, T30 2.6361 ± 0.0035 s
CELL 6x10x3 alpha 0.05 Energetic N 1500000 4 s dt 0.01 eps 7: 3 seeds, 18 receiver-bands; through in every seed: T30 18, EDT 18, C80 5, D50 18; wall re-read; refused {"c80_db missing_moves": 19}
  T30: 18 of 18 receiver-bands in all 3 seeds; range of seeds 1-3 per receiver-band median 0.06 %, worst 0.17 %; of the cell's mean 0.02 %; relative sd per receiver-band pooled 0.04 % ± 0.00 % (36 dof); from it P(3-seed range <= 2 %) 1.000 per receiver-band, 1.000 for all 18; particles for a mean range of 2 % / 95 % per receiver-band / 95 % for all: 0.0 M / 0.0 M / 0.0 M
  EDT: 18 of 18 receiver-bands in all 3 seeds; range of seeds 1-3 per receiver-band median 0.19 %, worst 0.50 %; of the cell's mean 0.02 %; relative sd per receiver-band pooled 0.13 % ± 0.02 % (36 dof); from it P(3-seed range <= 2 %) 1.000 per receiver-band, 1.000 for all 18; particles for a mean range of 2 % / 95 % per receiver-band / 95 % for all: 0.0 M / 0.1 M / 0.1 M
  T30 estimated sd median 1.64 %, largest 1.89 %; mean T30 against Eyring (K = 24 ln10/343.2) over the bands +1.19 %; per band: 125 Hz 2.6475 s (+1.20 % ± 0.02 %); 250 Hz 2.6471 s (+1.19 % ± 0.01 %); 500 Hz 2.6470 s (+1.19 % ± 0.02 %); 1000 Hz 2.6470 s (+1.18 % ± 0.01 %); 2000 Hz 2.6474 s (+1.20 % ± 0.01 %); 4000 Hz 2.6469 s (+1.18 % ± 0.01 %)
  per receiver, mean over bands and seeds: R000 EDT 2.6492 ± 0.0005 s, T30 2.6468 ± 0.0002 s; R001 EDT 2.6453 ± 0.0008 s, T30 2.6475 ± 0.0002 s; R002 EDT 2.6476 ± 0.0010 s, T30 2.6472 ± 0.0003 s
CELL 6x10x3 alpha 0.2 Energetic N 1500000 0.8 s dt 0.0002 eps 7: 3 seeds, 18 receiver-bands; through in every seed: T30 0, EDT 18, C80 0, D50 0; wall re-read; refused {"c80_db params_bad_arrival": 54, "d50 params_bad_arrival": 54, "t30_s monte_carlo_noise": 54}
  T30: 18 of 18 receiver-bands in all 3 seeds; range of seeds 1-3 per receiver-band median 0.24 %, worst 0.42 %; of the cell's mean 0.02 %; relative sd per receiver-band pooled 0.12 % ± 0.01 % (36 dof); from it P(3-seed range <= 2 %) 1.000 per receiver-band, 1.000 for all 18; particles for a mean range of 2 % / 95 % per receiver-band / 95 % for all: 0.0 M / 0.1 M / 0.1 M
  EDT: 18 of 18 receiver-bands in all 3 seeds; range of seeds 1-3 per receiver-band median 0.45 %, worst 0.89 %; of the cell's mean 0.16 %; relative sd per receiver-band pooled 0.24 % ± 0.03 % (36 dof); from it P(3-seed range <= 2 %) 1.000 per receiver-band, 1.000 for all 18; particles for a mean range of 2 % / 95 % per receiver-band / 95 % for all: 0.1 M / 0.2 M / 0.5 M
  T30 estimated sd median 3.63 %, largest 4.17 %; mean T30 against Eyring (K = 24 ln10/343.2) over the bands +4.97 %; per band: 125 Hz 0.6314 s (+5.00 % ± 0.03 %); 250 Hz 0.6309 s (+4.92 % ± 0.03 %); 500 Hz 0.6313 s (+4.98 % ± 0.04 %); 1000 Hz 0.6312 s (+4.97 % ± 0.04 %); 2000 Hz 0.6312 s (+4.96 % ± 0.04 %); 4000 Hz 0.6311 s (+4.95 % ± 0.04 %)
  per receiver, mean over bands and seeds: R000 EDT 0.6349 ± 0.0004 s, T30 0.6310 ± 0.0002 s; R001 EDT 0.6295 ± 0.0003 s, T30 0.6312 ± 0.0002 s; R002 EDT 0.6346 ± 0.0004 s, T30 0.6313 ± 0.0002 s
CELL 5x4x3 alpha 0.05 Random N 10000000 3 s dt 0.01 eps 5: 3 seeds, 18 receiver-bands; through in every seed: T30 18, EDT 18, C80 18, D50 18; wall re-read; refused {}
  T30: 18 of 18 receiver-bands in all 3 seeds; range of seeds 1-3 per receiver-band median 0.86 %, worst 1.48 %; of the cell's mean 0.17 %; relative sd per receiver-band pooled 0.47 % ± 0.06 % (36 dof); from it P(3-seed range <= 2 %) 0.992 per receiver-band, 0.865 for all 18; particles for a mean range of 2 % / 95 % per receiver-band / 95 % for all: 1.6 M / 6.1 M / 12.2 M
  EDT: 18 of 18 receiver-bands in all 3 seeds; range of seeds 1-3 per receiver-band median 0.19 %, worst 0.40 %; of the cell's mean 0.04 %; relative sd per receiver-band pooled 0.11 % ± 0.01 % (36 dof); from it P(3-seed range <= 2 %) 1.000 per receiver-band, 1.000 for all 18; particles for a mean range of 2 % / 95 % per receiver-band / 95 % for all: 0.1 M / 0.3 M / 0.7 M
  T30 estimated sd median 0.40 %, largest 0.47 %; mean T30 against Eyring (K = 24 ln10/343.2) over the bands +1.04 %; per band: 125 Hz 2.0288 s (+1.25 % ± 0.12 %); 250 Hz 2.0181 s (+0.72 % ± 0.14 %); 500 Hz 2.0242 s (+1.02 % ± 0.17 %); 1000 Hz 2.0243 s (+1.03 % ± 0.16 %); 2000 Hz 2.0220 s (+0.91 % ± 0.11 %); 4000 Hz 2.0300 s (+1.31 % ± 0.19 %)
  per receiver, mean over bands and seeds: R000 EDT 2.0236 ± 0.0005 s, T30 2.0267 ± 0.0023 s; R001 EDT 2.0235 ± 0.0005 s, T30 2.0255 ± 0.0019 s; R002 EDT 2.0240 ± 0.0005 s, T30 2.0215 ± 0.0024 s
CELL 5x4x3 alpha 0.1 Random N 18000000 2 s dt 0.01 eps 5: 3 seeds, 18 receiver-bands; through in every seed: T30 18, EDT 0, C80 18, D50 18; wall re-read; refused {"edt_s early_unresolved": 54}
  T30: 18 of 18 receiver-bands in all 3 seeds; range of seeds 1-3 per receiver-band median 0.94 %, worst 1.91 %; of the cell's mean 0.24 %; relative sd per receiver-band pooled 0.53 % ± 0.06 % (36 dof); from it P(3-seed range <= 2 %) 0.979 per receiver-band, 0.680 for all 18; particles for a mean range of 2 % / 95 % per receiver-band / 95 % for all: 3.6 M / 13.9 M / 27.6 M
  EDT: 18 of 18 receiver-bands in all 3 seeds; range of seeds 1-3 per receiver-band median 0.19 %, worst 0.44 %; of the cell's mean 0.03 %; relative sd per receiver-band pooled 0.11 % ± 0.01 % (36 dof); from it P(3-seed range <= 2 %) 1.000 per receiver-band, 1.000 for all 18; particles for a mean range of 2 % / 95 % per receiver-band / 95 % for all: 0.2 M / 0.6 M / 1.1 M
  T30 estimated sd median 0.43 %, largest 0.48 %; mean T30 against Eyring (K = 24 ln10/343.2) over the bands +2.18 %; per band: 125 Hz 0.9959 s (+2.09 % ± 0.20 %); 250 Hz 0.9970 s (+2.21 % ± 0.23 %); 500 Hz 0.9967 s (+2.18 % ± 0.12 %); 1000 Hz 0.9943 s (+1.93 % ± 0.12 %); 2000 Hz 0.9962 s (+2.13 % ± 0.17 %); 4000 Hz 1.0004 s (+2.56 % ± 0.17 %)
  per receiver, mean over bands and seeds: R000 EDT 0.9950 ± 0.0003 s, T30 0.9966 ± 0.0013 s; R001 EDT 0.9947 ± 0.0002 s, T30 0.9970 ± 0.0013 s; R002 EDT 0.9947 ± 0.0003 s, T30 0.9967 ± 0.0011 s
CELL 5x4x3 alpha 0.2 Random N 40000000 1.5 s dt 0.01 eps 5: 3 seeds, 18 receiver-bands; through in every seed: T30 18, EDT 0, C80 18, D50 18; wall re-read; refused {"edt_s early_unresolved": 54}
  T30: 18 of 18 receiver-bands in all 3 seeds; range of seeds 1-3 per receiver-band median 0.58 %, worst 1.56 %; of the cell's mean 0.26 %; relative sd per receiver-band pooled 0.42 % ± 0.05 % (36 dof); from it P(3-seed range <= 2 %) 0.997 per receiver-band, 0.955 for all 18; particles for a mean range of 2 % / 95 % per receiver-band / 95 % for all: 5.2 M / 19.7 M / 39.2 M
  EDT: 18 of 18 receiver-bands in all 3 seeds; range of seeds 1-3 per receiver-band median 0.18 %, worst 0.40 %; of the cell's mean 0.03 %; relative sd per receiver-band pooled 0.10 % ± 0.01 % (36 dof); from it P(3-seed range <= 2 %) 1.000 per receiver-band, 1.000 for all 18; particles for a mean range of 2 % / 95 % per receiver-band / 95 % for all: 0.3 M / 1.2 M / 2.3 M
  T30 estimated sd median 0.42 %, largest 0.48 %; mean T30 against Eyring (K = 24 ln10/343.2) over the bands +4.45 %; per band: 125 Hz 0.4822 s (+4.69 % ± 0.13 %); 250 Hz 0.4796 s (+4.12 % ± 0.14 %); 500 Hz 0.4812 s (+4.46 % ± 0.19 %); 1000 Hz 0.4794 s (+4.08 % ± 0.13 %); 2000 Hz 0.4828 s (+4.82 % ± 0.17 %); 4000 Hz 0.4815 s (+4.53 % ± 0.09 %)
  per receiver, mean over bands and seeds: R000 EDT 0.4768 ± 0.0001 s, T30 0.4814 ± 0.0005 s; R001 EDT 0.4768 ± 0.0001 s, T30 0.4813 ± 0.0006 s; R002 EDT 0.4763 ± 0.0001 s, T30 0.4806 ± 0.0006 s
CELL 5x4x3 alpha 0.4 Random N 60000000 1 s dt 0.01 eps 5: 3 seeds, 18 receiver-bands; through in every seed: T30 18, EDT 0, C80 18, D50 18; wall re-read; refused {"edt_s early_unresolved": 54}
  T30: 18 of 18 receiver-bands in all 3 seeds; range of seeds 1-3 per receiver-band median 0.90 %, worst 1.55 %; of the cell's mean 0.32 %; relative sd per receiver-band pooled 0.52 % ± 0.06 % (36 dof); from it P(3-seed range <= 2 %) 0.983 per receiver-band, 0.738 for all 18; particles for a mean range of 2 % / 95 % per receiver-band / 95 % for all: 11.4 M / 43.6 M / 86.7 M
  EDT: 18 of 18 receiver-bands in all 3 seeds; range of seeds 1-3 per receiver-band median 0.17 %, worst 0.53 %; of the cell's mean 0.06 %; relative sd per receiver-band pooled 0.12 % ± 0.01 % (36 dof); from it P(3-seed range <= 2 %) 1.000 per receiver-band, 1.000 for all 18; particles for a mean range of 2 % / 95 % per receiver-band / 95 % for all: 0.6 M / 2.2 M / 4.4 M
  T30 estimated sd median 0.53 %, largest 0.60 %; mean T30 against Eyring (K = 24 ln10/343.2) over the bands +9.28 %; per band: 125 Hz 0.2199 s (+9.31 % ± 0.13 %); 250 Hz 0.2200 s (+9.37 % ± 0.18 %); 500 Hz 0.2195 s (+9.07 % ± 0.13 %); 1000 Hz 0.2200 s (+9.36 % ± 0.19 %); 2000 Hz 0.2198 s (+9.24 % ± 0.12 %); 4000 Hz 0.2200 s (+9.33 % ± 0.21 %)
  per receiver, mean over bands and seeds: R000 EDT 0.2121 ± 0.0000 s, T30 0.2197 ± 0.0003 s; R001 EDT 0.2121 ± 0.0001 s, T30 0.2198 ± 0.0002 s; R002 EDT 0.2116 ± 0.0000 s, T30 0.2201 ± 0.0003 s
CELL 5x4x3 alpha 0.1 Energetic N 1500000 2 s dt 0.01 eps 7: 3 seeds, 18 receiver-bands; through in every seed: T30 18, EDT 0, C80 18, D50 18; wall re-read; refused {"edt_s early_unresolved": 54}
  T30: 18 of 18 receiver-bands in all 3 seeds; range of seeds 1-3 per receiver-band median 0.08 %, worst 0.13 %; of the cell's mean 0.02 %; relative sd per receiver-band pooled 0.04 % ± 0.00 % (36 dof); from it P(3-seed range <= 2 %) 1.000 per receiver-band, 1.000 for all 18; particles for a mean range of 2 % / 95 % per receiver-band / 95 % for all: 0.0 M / 0.0 M / 0.0 M
  EDT: 18 of 18 receiver-bands in all 3 seeds; range of seeds 1-3 per receiver-band median 0.19 %, worst 0.46 %; of the cell's mean 0.08 %; relative sd per receiver-band pooled 0.11 % ± 0.01 % (36 dof); from it P(3-seed range <= 2 %) 1.000 per receiver-band, 1.000 for all 18; particles for a mean range of 2 % / 95 % per receiver-band / 95 % for all: 0.0 M / 0.1 M / 0.1 M
  T30 estimated sd median 1.58 %, largest 1.69 %; mean T30 against Eyring (K = 24 ln10/343.2) over the bands +2.22 %; per band: 125 Hz 0.9970 s (+2.20 % ± 0.01 %); 250 Hz 0.9971 s (+2.22 % ± 0.01 %); 500 Hz 0.9970 s (+2.21 % ± 0.01 %); 1000 Hz 0.9969 s (+2.19 % ± 0.01 %); 2000 Hz 0.9974 s (+2.24 % ± 0.02 %); 4000 Hz 0.9973 s (+2.24 % ± 0.01 %)
  per receiver, mean over bands and seeds: R000 EDT 0.9948 ± 0.0003 s, T30 0.9971 ± 0.0001 s; R001 EDT 0.9951 ± 0.0003 s, T30 0.9970 ± 0.0001 s; R002 EDT 0.9943 ± 0.0003 s, T30 0.9972 ± 0.0001 s
CELL 6x10x3 alpha 0.05 Random N 6000000 4 s dt 0.01 eps 5 air: 3 seeds, 21 receiver-bands; through in every seed: T30 21, EDT 21, C80 21, D50 21; wall re-read; refused {}
  T30: 21 of 21 receiver-bands in all 3 seeds; range of seeds 1-3 per receiver-band median 1.52 %, worst 3.70 %; of the cell's mean 0.26 %; relative sd per receiver-band pooled 0.94 % ± 0.10 % (42 dof); from it P(3-seed range <= 2 %) 0.710 per receiver-band, 0.001 for all 21; particles for a mean range of 2 % / 95 % per receiver-band / 95 % for all: 3.8 M / 14.6 M / 29.8 M
  EDT: 21 of 21 receiver-bands in all 3 seeds; range of seeds 1-3 per receiver-band median 0.42 %, worst 0.90 %; of the cell's mean 0.17 %; relative sd per receiver-band pooled 0.26 % ± 0.03 % (42 dof); from it P(3-seed range <= 2 %) 1.000 per receiver-band, 1.000 for all 21; particles for a mean range of 2 % / 95 % per receiver-band / 95 % for all: 0.3 M / 1.1 M / 2.2 M
  T30 estimated sd median 0.85 %, largest 1.60 %; mean T30 against Eyring (K = 24 ln10/343.2, 4mV the solver's) over the bands +0.76 %; per band: 125 Hz 2.6328 s (+1.30 % ± 0.35 %); 250 Hz 2.6044 s (+1.51 % ± 0.31 %); 500 Hz 2.5369 s (+0.93 % ± 0.31 %); 1000 Hz 2.4773 s (+1.31 % ± 0.41 %); 2000 Hz 2.2952 s (+0.72 % ± 0.26 %); 4000 Hz 1.8104 s (-0.07 % ± 0.29 %); 8000 Hz 1.0117 s (-0.37 % ± 0.31 %)
  per receiver, mean over bands and seeds: R000 EDT 2.2009 ± 0.1219 s, T30 2.1979 ± 0.1239 s; R001 EDT 2.1962 ± 0.1221 s, T30 2.1917 ± 0.1231 s; R002 EDT 2.1987 ± 0.1216 s, T30 2.1969 ± 0.1219 s
CELL 5x4x3 alpha 0.4 Energetic N 1500000 0.4 s dt 0.0002 eps 7: 3 seeds, 18 receiver-bands; through in every seed: T30 0, EDT 18, C80 0, D50 0; wall re-read; refused {"c80_db params_bad_arrival": 54, "d50 params_bad_arrival": 54, "t30_s monte_carlo_noise": 54}
  T30: 18 of 18 receiver-bands in all 3 seeds; range of seeds 1-3 per receiver-band median 0.18 %, worst 0.40 %; of the cell's mean 0.06 %; relative sd per receiver-band pooled 0.11 % ± 0.01 % (36 dof); from it P(3-seed range <= 2 %) 1.000 per receiver-band, 1.000 for all 18; particles for a mean range of 2 % / 95 % per receiver-band / 95 % for all: 0.0 M / 0.1 M / 0.1 M
  EDT: 18 of 18 receiver-bands in all 3 seeds; range of seeds 1-3 per receiver-band median 0.46 %, worst 1.06 %; of the cell's mean 0.11 %; relative sd per receiver-band pooled 0.28 % ± 0.03 % (36 dof); from it P(3-seed range <= 2 %) 1.000 per receiver-band, 1.000 for all 18; particles for a mean range of 2 % / 95 % per receiver-band / 95 % for all: 0.1 M / 0.3 M / 0.6 M
  T30 estimated sd median 3.33 %, largest 3.77 %; mean T30 against Eyring (K = 24 ln10/343.2) over the bands +9.24 %; per band: 125 Hz 0.2199 s (+9.30 % ± 0.03 %); 250 Hz 0.2198 s (+9.24 % ± 0.04 %); 500 Hz 0.2199 s (+9.29 % ± 0.03 %); 1000 Hz 0.2197 s (+9.17 % ± 0.05 %); 2000 Hz 0.2198 s (+9.23 % ± 0.04 %); 4000 Hz 0.2198 s (+9.23 % ± 0.04 %)
  per receiver, mean over bands and seeds: R000 EDT 0.2223 ± 0.0002 s, T30 0.2199 ± 0.0000 s; R001 EDT 0.2222 ± 0.0001 s, T30 0.2197 ± 0.0001 s; R002 EDT 0.2225 ± 0.0001 s, T30 0.2198 ± 0.0001 s
CELL 6x10x3 alpha 0.2 Energetic N 1500000 0.8 s dt 0.001 eps 7: 3 seeds, 18 receiver-bands; through in every seed: T30 0, EDT 18, C80 6, D50 6; wall re-read; refused {"c80_db monte_carlo_noise": 18, "c80_db params_bad_arrival": 18, "d50 monte_carlo_noise": 18, "d50 params_bad_arrival": 18, "t30_s monte_carlo_noise": 54}
  T30: 18 of 18 receiver-bands in all 3 seeds; range of seeds 1-3 per receiver-band median 0.15 %, worst 0.56 %; of the cell's mean 0.05 %; relative sd per receiver-band pooled 0.11 % ± 0.01 % (36 dof); from it P(3-seed range <= 2 %) 1.000 per receiver-band, 1.000 for all 18; particles for a mean range of 2 % / 95 % per receiver-band / 95 % for all: 0.0 M / 0.0 M / 0.1 M
  EDT: 18 of 18 receiver-bands in all 3 seeds; range of seeds 1-3 per receiver-band median 0.60 %, worst 0.86 %; of the cell's mean 0.09 %; relative sd per receiver-band pooled 0.30 % ± 0.04 % (36 dof); from it P(3-seed range <= 2 %) 1.000 per receiver-band, 1.000 for all 18; particles for a mean range of 2 % / 95 % per receiver-band / 95 % for all: 0.1 M / 0.4 M / 0.7 M
  T30 estimated sd median 3.56 %, largest 4.12 %; mean T30 against Eyring (K = 24 ln10/343.2) over the bands +4.97 %; per band: 125 Hz 0.6318 s (+5.07 % ± 0.03 %); 250 Hz 0.6309 s (+4.92 % ± 0.06 %); 500 Hz 0.6313 s (+4.98 % ± 0.03 %); 1000 Hz 0.6313 s (+4.98 % ± 0.03 %); 2000 Hz 0.6308 s (+4.90 % ± 0.03 %); 4000 Hz 0.6312 s (+4.97 % ± 0.03 %)
  per receiver, mean over bands and seeds: R000 EDT 0.6343 ± 0.0005 s, T30 0.6312 ± 0.0001 s; R001 EDT 0.6303 ± 0.0004 s, T30 0.6311 ± 0.0002 s; R002 EDT 0.6346 ± 0.0005 s, T30 0.6314 ± 0.0002 s
CELL 6x10x3 alpha 0.4 Random N 48000000 1.5 s dt 0.01 eps 5: 3 seeds, 18 receiver-bands; through in every seed: T30 18, EDT 0, C80 18, D50 18; wall re-read; refused {"edt_s early_unresolved": 54}
  T30: 18 of 18 receiver-bands in all 3 seeds; range of seeds 1-3 per receiver-band median 1.83 %, worst 4.49 %; of the cell's mean 0.72 %; relative sd per receiver-band pooled 1.14 % ± 0.13 % (36 dof); from it P(3-seed range <= 2 %) 0.569 per receiver-band, 0.000 for all 18; particles for a mean range of 2 % / 95 % per receiver-band / 95 % for all: 45.0 M / 171.9 M / 342.0 M
  EDT: 18 of 18 receiver-bands in all 3 seeds; range of seeds 1-3 per receiver-band median 0.38 %, worst 0.87 %; of the cell's mean 0.08 %; relative sd per receiver-band pooled 0.25 % ± 0.03 % (36 dof); from it P(3-seed range <= 2 %) 1.000 per receiver-band, 1.000 for all 18; particles for a mean range of 2 % / 95 % per receiver-band / 95 % for all: 2.1 M / 8.1 M / 16.1 M
  T30 estimated sd median 0.98 %, largest 1.23 %; mean T30 against Eyring (K = 24 ln10/343.2) over the bands +10.72 %; per band: 125 Hz 0.2919 s (+11.13 % ± 0.28 %); 250 Hz 0.2900 s (+10.40 % ± 0.46 %); 500 Hz 0.2909 s (+10.73 % ± 0.34 %); 1000 Hz 0.2918 s (+11.09 % ± 0.42 %); 2000 Hz 0.2902 s (+10.47 % ± 0.30 %); 4000 Hz 0.2903 s (+10.53 % ± 0.35 %)
  per receiver, mean over bands and seeds: R000 EDT 0.2941 ± 0.0002 s, T30 0.2918 ± 0.0008 s; R001 EDT 0.2883 ± 0.0002 s, T30 0.2898 ± 0.0005 s; R002 EDT 0.2915 ± 0.0002 s, T30 0.2909 ± 0.0008 s
CELL 6x10x3 alpha 0.2 Energetic N 1500000 0.8 s dt 0.01 eps 7: 3 seeds, 18 receiver-bands; through in every seed: T30 0, EDT 0, C80 18, D50 18; wall re-read; refused {"edt_s early_unresolved": 54, "t30_s monte_carlo_noise": 54}
  T30: 18 of 18 receiver-bands in all 3 seeds; range of seeds 1-3 per receiver-band median 0.16 %, worst 0.45 %; of the cell's mean 0.05 %; relative sd per receiver-band pooled 0.12 % ± 0.01 % (36 dof); from it P(3-seed range <= 2 %) 1.000 per receiver-band, 1.000 for all 18; particles for a mean range of 2 % / 95 % per receiver-band / 95 % for all: 0.0 M / 0.1 M / 0.1 M
  EDT: 18 of 18 receiver-bands in all 3 seeds; range of seeds 1-3 per receiver-band median 0.50 %, worst 1.78 %; of the cell's mean 0.16 %; relative sd per receiver-band pooled 0.37 % ± 0.04 % (36 dof); from it P(3-seed range <= 2 %) 1.000 per receiver-band, 0.994 for all 18; particles for a mean range of 2 % / 95 % per receiver-band / 95 % for all: 0.1 M / 0.6 M / 1.1 M
  T30 estimated sd median 3.69 %, largest 4.32 %; mean T30 against Eyring (K = 24 ln10/343.2) over the bands +4.95 %; per band: 125 Hz 0.6312 s (+4.96 % ± 0.04 %); 250 Hz 0.6311 s (+4.94 % ± 0.05 %); 500 Hz 0.6309 s (+4.92 % ± 0.02 %); 1000 Hz 0.6311 s (+4.95 % ± 0.05 %); 2000 Hz 0.6312 s (+4.97 % ± 0.04 %); 4000 Hz 0.6310 s (+4.93 % ± 0.02 %)
  per receiver, mean over bands and seeds: R000 EDT 0.6338 ± 0.0005 s, T30 0.6310 ± 0.0002 s; R001 EDT 0.6265 ± 0.0005 s, T30 0.6311 ± 0.0002 s; R002 EDT 0.6324 ± 0.0006 s, T30 0.6311 ± 0.0001 s
CELL 5x4x3 alpha 0.4 Energetic N 1500000 0.4 s dt 0.01 eps 7: 3 seeds, 18 receiver-bands; through in every seed: T30 0, EDT 0, C80 18, D50 18; wall re-read; refused {"edt_s early_unresolved": 54, "t30_s monte_carlo_noise": 54}
  T30: 18 of 18 receiver-bands in all 3 seeds; range of seeds 1-3 per receiver-band median 0.19 %, worst 0.35 %; of the cell's mean 0.07 %; relative sd per receiver-band pooled 0.11 % ± 0.01 % (36 dof); from it P(3-seed range <= 2 %) 1.000 per receiver-band, 1.000 for all 18; particles for a mean range of 2 % / 95 % per receiver-band / 95 % for all: 0.0 M / 0.0 M / 0.1 M
  EDT: 18 of 18 receiver-bands in all 3 seeds; range of seeds 1-3 per receiver-band median 0.49 %, worst 0.78 %; of the cell's mean 0.15 %; relative sd per receiver-band pooled 0.28 % ± 0.03 % (36 dof); from it P(3-seed range <= 2 %) 1.000 per receiver-band, 1.000 for all 18; particles for a mean range of 2 % / 95 % per receiver-band / 95 % for all: 0.1 M / 0.3 M / 0.7 M
  T30 estimated sd median 3.42 %, largest 3.80 %; mean T30 against Eyring (K = 24 ln10/343.2) over the bands +9.24 %; per band: 125 Hz 0.2197 s (+9.21 % ± 0.04 %); 250 Hz 0.2198 s (+9.26 % ± 0.02 %); 500 Hz 0.2198 s (+9.27 % ± 0.03 %); 1000 Hz 0.2199 s (+9.28 % ± 0.05 %); 2000 Hz 0.2199 s (+9.30 % ± 0.05 %); 4000 Hz 0.2196 s (+9.15 % ± 0.04 %)
  per receiver, mean over bands and seeds: R000 EDT 0.2123 ± 0.0002 s, T30 0.2198 ± 0.0001 s; R001 EDT 0.2123 ± 0.0002 s, T30 0.2198 ± 0.0001 s; R002 EDT 0.2117 ± 0.0002 s, T30 0.2198 ± 0.0000 s
CELL 5x4x3 alpha 0.4 Energetic N 1500000 0.4 s dt 0.001 eps 7: 3 seeds, 18 receiver-bands; through in every seed: T30 0, EDT 18, C80 0, D50 0; wall re-read; refused {"c80_db params_bad_arrival": 54, "d50 params_bad_arrival": 54, "t30_s monte_carlo_noise": 54}
  T30: 18 of 18 receiver-bands in all 3 seeds; range of seeds 1-3 per receiver-band median 0.21 %, worst 0.37 %; of the cell's mean 0.05 %; relative sd per receiver-band pooled 0.11 % ± 0.01 % (36 dof); from it P(3-seed range <= 2 %) 1.000 per receiver-band, 1.000 for all 18; particles for a mean range of 2 % / 95 % per receiver-band / 95 % for all: 0.0 M / 0.1 M / 0.1 M
  EDT: 18 of 18 receiver-bands in all 3 seeds; range of seeds 1-3 per receiver-band median 0.45 %, worst 0.83 %; of the cell's mean 0.07 %; relative sd per receiver-band pooled 0.27 % ± 0.03 % (36 dof); from it P(3-seed range <= 2 %) 1.000 per receiver-band, 1.000 for all 18; particles for a mean range of 2 % / 95 % per receiver-band / 95 % for all: 0.1 M / 0.3 M / 0.6 M
  T30 estimated sd median 3.35 %, largest 3.71 %; mean T30 against Eyring (K = 24 ln10/343.2) over the bands +9.22 %; per band: 125 Hz 0.2198 s (+9.25 % ± 0.04 %); 250 Hz 0.2198 s (+9.24 % ± 0.03 %); 500 Hz 0.2198 s (+9.24 % ± 0.04 %); 1000 Hz 0.2198 s (+9.24 % ± 0.04 %); 2000 Hz 0.2198 s (+9.23 % ± 0.03 %); 4000 Hz 0.2196 s (+9.12 % ± 0.04 %)
  per receiver, mean over bands and seeds: R000 EDT 0.2223 ± 0.0001 s, T30 0.2197 ± 0.0001 s; R001 EDT 0.2224 ± 0.0002 s, T30 0.2198 ± 0.0001 s; R002 EDT 0.2222 ± 0.0002 s, T30 0.2197 ± 0.0000 s
CELL 6x10x3 alpha 0.4 Random N 16000000 1.5 s dt 0.01 eps 5: 3 seeds, 18 receiver-bands; through in every seed: T30 17, EDT 0, C80 18, D50 18; wall re-read; refused {"edt_s early_unresolved": 54, "t30_s monte_carlo_noise": 1}
  T30: 18 of 18 receiver-bands in all 3 seeds; range of seeds 1-3 per receiver-band median 4.04 %, worst 7.43 %; of the cell's mean 1.02 %; relative sd per receiver-band pooled 2.09 % ± 0.25 % (36 dof); from it P(3-seed range <= 2 %) 0.223 per receiver-band, 0.000 for all 18; particles for a mean range of 2 % / 95 % per receiver-band / 95 % for all: 49.9 M / 190.5 M / 379.1 M
  EDT: 18 of 18 receiver-bands in all 3 seeds; range of seeds 1-3 per receiver-band median 0.60 %, worst 1.10 %; of the cell's mean 0.13 %; relative sd per receiver-band pooled 0.36 % ± 0.04 % (36 dof); from it P(3-seed range <= 2 %) 1.000 per receiver-band, 0.994 for all 18; particles for a mean range of 2 % / 95 % per receiver-band / 95 % for all: 1.5 M / 5.8 M / 11.6 M
  T30 estimated sd median 1.66 %, largest 2.52 %; mean T30 against Eyring (K = 24 ln10/343.2) over the bands +10.84 %; per band: 125 Hz 0.2900 s (+10.40 % ± 0.44 %); 250 Hz 0.2931 s (+11.56 % ± 0.82 %); 500 Hz 0.2936 s (+11.76 % ± 0.77 %); 1000 Hz 0.2903 s (+10.51 % ± 0.37 %); 2000 Hz 0.2892 s (+10.11 % ± 0.72 %); 4000 Hz 0.2907 s (+10.68 % ± 0.66 %)
  per receiver, mean over bands and seeds: R000 EDT 0.2942 ± 0.0002 s, T30 0.2918 ± 0.0016 s; R001 EDT 0.2882 ± 0.0003 s, T30 0.2906 ± 0.0008 s; R002 EDT 0.2913 ± 0.0003 s, T30 0.2910 ± 0.0015 s
CELL 5x4x3 alpha 0.1 Random N 4000000 2 s dt 0.01 eps 5 air: 3 seeds, 21 receiver-bands; through in every seed: T30 21, EDT 0, C80 21, D50 21; wall re-read; refused {"edt_s early_unresolved": 63}
  T30: 21 of 21 receiver-bands in all 3 seeds; range of seeds 1-3 per receiver-band median 1.61 %, worst 4.74 %; of the cell's mean 0.42 %; relative sd per receiver-band pooled 1.01 % ± 0.11 % (42 dof); from it P(3-seed range <= 2 %) 0.661 per receiver-band, 0.000 for all 21; particles for a mean range of 2 % / 95 % per receiver-band / 95 % for all: 2.9 M / 11.1 M / 22.7 M
  EDT: 21 of 21 receiver-bands in all 3 seeds; range of seeds 1-3 per receiver-band median 0.39 %, worst 1.21 %; of the cell's mean 0.14 %; relative sd per receiver-band pooled 0.26 % ± 0.03 % (42 dof); from it P(3-seed range <= 2 %) 1.000 per receiver-band, 1.000 for all 21; particles for a mean range of 2 % / 95 % per receiver-band / 95 % for all: 0.2 M / 0.7 M / 1.5 M
  T30 estimated sd median 1.01 %, largest 1.53 %; mean T30 against Eyring (K = 24 ln10/343.2, 4mV the solver's) over the bands +2.20 %; per band: 125 Hz 1.0018 s (+2.94 % ± 0.29 %); 250 Hz 0.9959 s (+2.84 % ± 0.20 %); 500 Hz 0.9790 s (+1.89 % ± 0.17 %); 1000 Hz 0.9701 s (+2.03 % ± 0.29 %); 2000 Hz 0.9460 s (+2.33 % ± 0.37 %); 4000 Hz 0.8540 s (+2.04 % ± 0.39 %); 8000 Hz 0.6226 s (+1.33 % ± 0.47 %)
  per receiver, mean over bands and seeds: R000 EDT 0.9065 ± 0.0280 s, T30 0.9117 ± 0.0284 s; R001 EDT 0.9058 ± 0.0278 s, T30 0.9099 ± 0.0280 s; R002 EDT 0.9050 ± 0.0281 s, T30 0.9081 ± 0.0283 s
DT 6x10x3 alpha 0.2 Energetic N 1500000 0.8 s dt 0.001 eps 7 against dt 0.0002: R000 EDT -0.09 % (-1.0 se), T30 +0.02 % (+0.8 se); R001 EDT +0.13 % (+1.7 se), T30 -0.02 % (-0.5 se); R002 EDT -0.00 % (-0.0 se), T30 +0.01 % (+0.4 se)
DT 6x10x3 alpha 0.2 Energetic N 1500000 0.8 s dt 0.01 eps 7 against dt 0.0002: R000 EDT -0.17 % (-1.7 se), T30 -0.01 % (-0.2 se); R001 EDT -0.49 % (-5.5 se), T30 -0.01 % (-0.4 se); R002 EDT -0.36 % (-3.4 se), T30 -0.03 % (-1.0 se)
DT 5x4x3 alpha 0.4 Energetic N 1500000 0.4 s dt 0.01 eps 7 against dt 0.0002: R000 EDT -4.50 % (-42.6 se), T30 -0.04 % (-1.1 se); R001 EDT -4.47 % (-53.1 se), T30 +0.05 % (+1.0 se); R002 EDT -4.89 % (-50.8 se), T30 -0.00 % (-0.1 se)
DT 5x4x3 alpha 0.4 Energetic N 1500000 0.4 s dt 0.001 eps 7 against dt 0.0002: R000 EDT -0.01 % (-0.1 se), T30 -0.05 % (-1.2 se); R001 EDT +0.10 % (+1.1 se), T30 +0.02 % (+0.6 se); R002 EDT -0.15 % (-1.6 se), T30 -0.03 % (-0.9 se)
test m8_cells ... ok

test result: ok. 1 passed; 0 failed; 0 ignored; 0 measured; 5 filtered out; finished in 23.75s

