
running 1 test
test m8_cells has been running for over 60 seconds
[   116 s] 0 6x10x3 alpha 0.2 Random N 8000000 2 s dt 0.01 eps 5 seed 4: 116.0 s
[   116 s] 0 6x10x3 alpha 0.2 Random N 8000000 2 s dt 0.01 eps 5 seed 3: 116.1 s
[   116 s] 0 6x10x3 alpha 0.2 Random N 8000000 2 s dt 0.01 eps 5 seed 2: 116.2 s
[   116 s] 0 6x10x3 alpha 0.2 Random N 8000000 2 s dt 0.01 eps 5 seed 1: 116.3 s
[   235 s] 0 6x10x3 alpha 0.2 Random N 8000000 2 s dt 0.01 eps 5 seed 8: 118.7 s
[   235 s] 0 6x10x3 alpha 0.2 Random N 8000000 2 s dt 0.01 eps 5 seed 6: 118.7 s
[   236 s] 0 6x10x3 alpha 0.2 Random N 8000000 2 s dt 0.01 eps 5 seed 7: 119.5 s
[   236 s] 0 6x10x3 alpha 0.2 Random N 8000000 2 s dt 0.01 eps 5 seed 5: 120.2 s
[   355 s] 0 6x10x3 alpha 0.2 Random N 8000000 2 s dt 0.01 eps 5 seed 11: 119.2 s
[   355 s] 0 6x10x3 alpha 0.2 Random N 8000000 2 s dt 0.01 eps 5 seed 12: 118.8 s
[   355 s] 0 6x10x3 alpha 0.2 Random N 8000000 2 s dt 0.01 eps 5 seed 9: 119.9 s
[   356 s] 0 6x10x3 alpha 0.2 Random N 8000000 2 s dt 0.01 eps 5 seed 10: 120.8 s
[   472 s] 0 6x10x3 alpha 0.2 Random N 8000000 2 s dt 0.01 eps 5 seed 14: 116.6 s
[   472 s] 0 6x10x3 alpha 0.2 Random N 8000000 2 s dt 0.01 eps 5 seed 13: 116.7 s
[   472 s] 0 6x10x3 alpha 0.2 Random N 8000000 2 s dt 0.01 eps 5 seed 15: 117.0 s
[   473 s] 0 6x10x3 alpha 0.2 Random N 8000000 2 s dt 0.01 eps 5 seed 16: 116.7 s
[   591 s] 0 6x10x3 alpha 0.2 Random N 8000000 2 s dt 0.01 eps 5 seed 17: 119.1 s
[   592 s] 0 6x10x3 alpha 0.2 Random N 8000000 2 s dt 0.01 eps 5 seed 18: 119.6 s
[   592 s] 0 6x10x3 alpha 0.2 Random N 8000000 2 s dt 0.01 eps 5 seed 20: 119.0 s
[   592 s] 0 6x10x3 alpha 0.2 Random N 8000000 2 s dt 0.01 eps 5 seed 19: 119.7 s
[   650 s] 1 5x4x3 alpha 0.4 Random N 8000000 1 s dt 0.01 eps 5 seed 1: 59.0 s
[   650 s] 1 5x4x3 alpha 0.4 Random N 8000000 1 s dt 0.01 eps 5 seed 2: 58.4 s
[   651 s] 1 5x4x3 alpha 0.4 Random N 8000000 1 s dt 0.01 eps 5 seed 4: 58.5 s
[   651 s] 1 5x4x3 alpha 0.4 Random N 8000000 1 s dt 0.01 eps 5 seed 3: 58.6 s
[   709 s] 1 5x4x3 alpha 0.4 Random N 8000000 1 s dt 0.01 eps 5 seed 5: 58.7 s
[   709 s] 1 5x4x3 alpha 0.4 Random N 8000000 1 s dt 0.01 eps 5 seed 6: 58.8 s
[   710 s] 1 5x4x3 alpha 0.4 Random N 8000000 1 s dt 0.01 eps 5 seed 8: 58.7 s
[   710 s] 1 5x4x3 alpha 0.4 Random N 8000000 1 s dt 0.01 eps 5 seed 7: 58.8 s
[   768 s] 1 5x4x3 alpha 0.4 Random N 8000000 1 s dt 0.01 eps 5 seed 10: 59.1 s
[   769 s] 1 5x4x3 alpha 0.4 Random N 8000000 1 s dt 0.01 eps 5 seed 9: 59.7 s
[   769 s] 1 5x4x3 alpha 0.4 Random N 8000000 1 s dt 0.01 eps 5 seed 11: 59.2 s
[   769 s] 1 5x4x3 alpha 0.4 Random N 8000000 1 s dt 0.01 eps 5 seed 12: 59.3 s
[   826 s] 1 5x4x3 alpha 0.4 Random N 8000000 1 s dt 0.01 eps 5 seed 13: 57.8 s
[   826 s] 1 5x4x3 alpha 0.4 Random N 8000000 1 s dt 0.01 eps 5 seed 15: 57.6 s
[   827 s] 1 5x4x3 alpha 0.4 Random N 8000000 1 s dt 0.01 eps 5 seed 14: 57.9 s
[   827 s] 1 5x4x3 alpha 0.4 Random N 8000000 1 s dt 0.01 eps 5 seed 16: 57.6 s
[   887 s] 1 5x4x3 alpha 0.4 Random N 8000000 1 s dt 0.01 eps 5 seed 17: 61.0 s
[   888 s] 1 5x4x3 alpha 0.4 Random N 8000000 1 s dt 0.01 eps 5 seed 18: 61.1 s
[   888 s] 1 5x4x3 alpha 0.4 Random N 8000000 1 s dt 0.01 eps 5 seed 20: 61.1 s
[   888 s] 1 5x4x3 alpha 0.4 Random N 8000000 1 s dt 0.01 eps 5 seed 19: 61.5 s
CELL 6x10x3 alpha 0.2 Random N 8000000 2 s dt 0.01 eps 5: 20 seeds, 18 receiver-bands; through in every seed: T30 8, EDT 14, C80 14, D50 14; wall 116-121 s per run; refused {"c80_db truncated": 4, "d50 truncated": 4, "edt_s truncated": 4, "t30_s truncated": 10}
  T30: 18 of 18 receiver-bands in all 20 seeds; range of seeds 1-3 per receiver-band median 2.31 %, worst 4.49 %; of the cell's mean 0.11 %; relative sd per receiver-band pooled 1.60 % ± 0.06 % (342 dof); from it P(3-seed range <= 2 %) 0.349 per receiver-band, 0.000 for all 18; particles for a mean range of 2 % / 95 % per receiver-band / 95 % for all: 14.7 M / 56.3 M / 112.0 M
  T30, over all 1140 triples of the 20 seeds: 3-seed range <= 2 % in 0.365 of receiver-bands, in every receiver-band of the cell in 0.000 of triples; worst receiver-band's range median 5.70 %, 5-95 % 4.13-7.91 %; the cell's mean within 2 % in 1.000; relative sd of the cell's mean 0.387 %
  EDT: 18 of 18 receiver-bands in all 20 seeds; range of seeds 1-3 per receiver-band median 0.75 %, worst 1.10 %; of the cell's mean 0.16 %; relative sd per receiver-band pooled 0.35 % ± 0.01 % (342 dof); from it P(3-seed range <= 2 %) 1.000 per receiver-band, 0.997 for all 18; particles for a mean range of 2 % / 95 % per receiver-band / 95 % for all: 0.7 M / 2.7 M / 5.3 M
  EDT, over all 1140 triples of the 20 seeds: 3-seed range <= 2 % in 1.000 of receiver-bands, in every receiver-band of the cell in 1.000 of triples; worst receiver-band's range median 1.20 %, 5-95 % 0.94-1.51 %; the cell's mean within 2 % in 1.000; relative sd of the cell's mean 0.065 %
  T30 estimated sd median 1.49 %, largest 2.27 %; mean T30 against Eyring (K = 24 ln10/343.2) over the bands +5.02 %; per band: 125 Hz 0.6305 s (+4.86 % ± 0.19 %); 250 Hz 0.6328 s (+5.24 % ± 0.26 %); 500 Hz 0.6310 s (+4.94 % ± 0.22 %); 1000 Hz 0.6303 s (+4.82 % ± 0.18 %); 2000 Hz 0.6316 s (+5.03 % ± 0.19 %); 4000 Hz 0.6326 s (+5.21 % ± 0.19 %)
  per receiver, mean over bands and seeds: R000 EDT 0.6345 ± 0.0002 s, T30 0.6329 ± 0.0009 s; R001 EDT 0.6269 ± 0.0002 s, T30 0.6307 ± 0.0009 s; R002 EDT 0.6328 ± 0.0002 s, T30 0.6309 ± 0.0009 s
CELL 5x4x3 alpha 0.4 Random N 8000000 1 s dt 0.01 eps 5: 20 seeds, 18 receiver-bands; through in every seed: T30 18, EDT 18, C80 18, D50 18; wall 58-61 s per run; refused {}
  T30: 18 of 18 receiver-bands in all 20 seeds; range of seeds 1-3 per receiver-band median 2.15 %, worst 4.83 %; of the cell's mean 0.56 %; relative sd per receiver-band pooled 1.56 % ± 0.06 % (342 dof); from it P(3-seed range <= 2 %) 0.363 per receiver-band, 0.000 for all 18; particles for a mean range of 2 % / 95 % per receiver-band / 95 % for all: 14.0 M / 53.5 M / 106.5 M
  T30, over all 1140 triples of the 20 seeds: 3-seed range <= 2 % in 0.371 of receiver-bands, in every receiver-band of the cell in 0.000 of triples; worst receiver-band's range median 5.66 %, 5-95 % 4.08-7.30 %; the cell's mean within 2 % in 1.000; relative sd of the cell's mean 0.336 %
  EDT: 18 of 18 receiver-bands in all 20 seeds; range of seeds 1-3 per receiver-band median 0.56 %, worst 1.12 %; of the cell's mean 0.27 %; relative sd per receiver-band pooled 0.37 % ± 0.01 % (342 dof); from it P(3-seed range <= 2 %) 1.000 per receiver-band, 0.992 for all 18; particles for a mean range of 2 % / 95 % per receiver-band / 95 % for all: 0.8 M / 3.0 M / 6.1 M
  EDT, over all 1140 triples of the 20 seeds: 3-seed range <= 2 % in 1.000 of receiver-bands, in every receiver-band of the cell in 1.000 of triples; worst receiver-band's range median 1.32 %, 5-95 % 0.98-1.72 %; the cell's mean within 2 % in 1.000; relative sd of the cell's mean 0.083 %
  T30 estimated sd median 1.45 %, largest 2.14 %; mean T30 against Eyring (K = 24 ln10/343.2) over the bands +9.32 %; per band: 125 Hz 0.2197 s (+9.20 % ± 0.20 %); 250 Hz 0.2198 s (+9.25 % ± 0.18 %); 500 Hz 0.2199 s (+9.30 % ± 0.19 %); 1000 Hz 0.2203 s (+9.52 % ± 0.22 %); 2000 Hz 0.2198 s (+9.25 % ± 0.20 %); 4000 Hz 0.2202 s (+9.43 % ± 0.21 %)
  per receiver, mean over bands and seeds: R000 EDT 0.2121 ± 0.0001 s, T30 0.2201 ± 0.0003 s; R001 EDT 0.2121 ± 0.0001 s, T30 0.2202 ± 0.0003 s; R002 EDT 0.2116 ± 0.0001 s, T30 0.2196 ± 0.0003 s
test m8_cells ... ok

test result: ok. 1 passed; 0 failed; 0 ignored; 0 measured; 5 filtered out; finished in 888.11s

