
running 1 test
CELL 6x10x3 alpha 0.05 Random N 1500000 4 s dt 0.01 eps 5: 3 seeds, 18 receiver-bands; through in every seed: T30 18, EDT 18, C80 18, D50 18; wall re-read; refused {}
  T30: 18 of 18 receiver-bands in all 3 seeds; range of seeds 1-3 per receiver-band median 2.22 %, worst 7.97 %; of the cell's mean 0.57 %; relative sd per receiver-band pooled 1.89 % ± 0.22 % (36 dof); from it P(3-seed range <= 2 %) 0.265 per receiver-band, 0.000 for all 18; particles for a mean range of 2 % / 95 % per receiver-band / 95 % for all: 3.8 M / 14.7 M / 29.2 M
  EDT: 18 of 18 receiver-bands in all 3 seeds; range of seeds 1-3 per receiver-band median 0.67 %, worst 1.61 %; of the cell's mean 0.26 %; relative sd per receiver-band pooled 0.42 % ± 0.05 % (36 dof); from it P(3-seed range <= 2 %) 0.998 per receiver-band, 0.959 for all 18; particles for a mean range of 2 % / 95 % per receiver-band / 95 % for all: 0.2 M / 0.7 M / 1.4 M
  T30 estimated sd median 1.64 %, largest 2.07 %; mean T30 against Eyring (K = 24 ln10/343.2) over the bands +1.21 %; per band: 125 Hz 2.6421 s (+1.00 % ± 0.67 %); 250 Hz 2.6396 s (+0.90 % ± 0.51 %); 500 Hz 2.6873 s (+2.73 % ± 0.61 %); 1000 Hz 2.6527 s (+1.40 % ± 0.73 %); 2000 Hz 2.6321 s (+0.62 % ± 0.81 %); 4000 Hz 2.6319 s (+0.61 % ± 0.28 %)
  per receiver, mean over bands and seeds: R000 EDT 2.6559 ± 0.0015 s, T30 2.6590 ± 0.0139 s; R001 EDT 2.6440 ± 0.0024 s, T30 2.6402 ± 0.0100 s; R002 EDT 2.6488 ± 0.0033 s, T30 2.6436 ± 0.0120 s
CELL 6x10x3 alpha 0.1 Random N 1500000 3 s dt 0.01 eps 5: 3 seeds, 18 receiver-bands; through in every seed: T30 5, EDT 18, C80 18, D50 18; wall re-read; refused {"t30_s monte_carlo_noise": 20}
  T30: 18 of 18 receiver-bands in all 3 seeds; range of seeds 1-3 per receiver-band median 3.36 %, worst 9.47 %; of the cell's mean 0.88 %; relative sd per receiver-band pooled 2.16 % ± 0.25 % (36 dof); from it P(3-seed range <= 2 %) 0.210 per receiver-band, 0.000 for all 18; particles for a mean range of 2 % / 95 % per receiver-band / 95 % for all: 5.0 M / 19.2 M / 38.2 M
  EDT: 18 of 18 receiver-bands in all 3 seeds; range of seeds 1-3 per receiver-band median 0.65 %, worst 1.62 %; of the cell's mean 0.17 %; relative sd per receiver-band pooled 0.46 % ± 0.05 % (36 dof); from it P(3-seed range <= 2 %) 0.994 per receiver-band, 0.898 for all 18; particles for a mean range of 2 % / 95 % per receiver-band / 95 % for all: 0.2 M / 0.9 M / 1.7 M
  T30 estimated sd median 2.23 %, largest 4.43 %; mean T30 against Eyring (K = 24 ln10/343.2) over the bands +2.79 %; per band: 125 Hz 1.3119 s (+3.01 % ± 0.59 %); 250 Hz 1.3040 s (+2.39 % ± 0.95 %); 500 Hz 1.3054 s (+2.50 % ± 0.87 %); 1000 Hz 1.3000 s (+2.08 % ± 0.60 %); 2000 Hz 1.3071 s (+2.63 % ± 0.66 %); 4000 Hz 1.3265 s (+4.15 % ± 0.85 %)
  per receiver, mean over bands and seeds: R000 EDT 1.3047 ± 0.0013 s, T30 1.3095 ± 0.0069 s; R001 EDT 1.3011 ± 0.0016 s, T30 1.3067 ± 0.0066 s; R002 EDT 1.3033 ± 0.0014 s, T30 1.3112 ± 0.0080 s
CELL 6x10x3 alpha 0.2 Random N 1500000 2 s dt 0.01 eps 5: 3 seeds, 18 receiver-bands; through in every seed: T30 0, EDT 0, C80 18, D50 18; wall re-read; refused {"edt_s early_unresolved": 54, "t30_s monte_carlo_noise": 51}
  T30: 18 of 18 receiver-bands in all 3 seeds; range of seeds 1-3 per receiver-band median 5.35 %, worst 13.20 %; of the cell's mean 0.55 %; relative sd per receiver-band pooled 3.74 % ± 0.44 % (36 dof); from it P(3-seed range <= 2 %) 0.076 per receiver-band, 0.000 for all 18; particles for a mean range of 2 % / 95 % per receiver-band / 95 % for all: 15.0 M / 57.4 M / 114.3 M
  EDT: 18 of 18 receiver-bands in all 3 seeds; range of seeds 1-3 per receiver-band median 1.10 %, worst 3.37 %; of the cell's mean 0.29 %; relative sd per receiver-band pooled 0.84 % ± 0.10 % (36 dof); from it P(3-seed range <= 2 %) 0.792 per receiver-band, 0.015 for all 18; particles for a mean range of 2 % / 95 % per receiver-band / 95 % for all: 0.8 M / 2.9 M / 5.7 M
  T30 estimated sd median 3.29 %, largest 5.86 %; mean T30 against Eyring (K = 24 ln10/343.2) over the bands +5.05 %; per band: 125 Hz 0.6310 s (+4.93 % ± 0.94 %); 250 Hz 0.6303 s (+4.81 % ± 1.69 %); 500 Hz 0.6214 s (+3.33 % ± 1.25 %); 1000 Hz 0.6408 s (+6.56 % ± 0.92 %); 2000 Hz 0.6289 s (+4.58 % ± 0.68 %); 4000 Hz 0.6379 s (+6.08 % ± 1.35 %)
  per receiver, mean over bands and seeds: R000 EDT 0.6341 ± 0.0015 s, T30 0.6336 ± 0.0062 s; R001 EDT 0.6265 ± 0.0012 s, T30 0.6316 ± 0.0051 s; R002 EDT 0.6328 ± 0.0015 s, T30 0.6298 ± 0.0046 s
CELL 6x10x3 alpha 0.4 Random N 1500000 1 s dt 0.01 eps 5: 3 seeds, 18 receiver-bands; through in every seed: T30 0, EDT 0, C80 18, D50 18; wall re-read; refused {"edt_s early_unresolved": 54, "t30_s monte_carlo_noise": 54}
  T30: 18 of 18 receiver-bands in all 3 seeds; range of seeds 1-3 per receiver-band median 8.62 %, worst 15.88 %; of the cell's mean 1.77 %; relative sd per receiver-band pooled 4.96 % ± 0.58 % (36 dof); from it P(3-seed range <= 2 %) 0.044 per receiver-band, 0.000 for all 18; particles for a mean range of 2 % / 95 % per receiver-band / 95 % for all: 26.4 M / 100.9 M / 200.7 M
  EDT: 18 of 18 receiver-bands in all 3 seeds; range of seeds 1-3 per receiver-band median 2.50 %, worst 5.16 %; of the cell's mean 0.92 %; relative sd per receiver-band pooled 1.42 % ± 0.17 % (36 dof); from it P(3-seed range <= 2 %) 0.422 per receiver-band, 0.000 for all 18; particles for a mean range of 2 % / 95 % per receiver-band / 95 % for all: 2.2 M / 8.2 M / 16.4 M
  T30 estimated sd median 4.90 %, largest 13.95 %; mean T30 against Eyring (K = 24 ln10/343.2) over the bands +10.63 %; per band: 125 Hz 0.2888 s (+9.95 % ± 2.38 %); 250 Hz 0.2883 s (+9.74 % ± 1.82 %); 500 Hz 0.2901 s (+10.42 % ± 1.16 %); 1000 Hz 0.2944 s (+12.07 % ± 1.64 %); 2000 Hz 0.2881 s (+9.67 % ± 1.42 %); 4000 Hz 0.2940 s (+11.94 % ± 1.97 %)
  per receiver, mean over bands and seeds: R000 EDT 0.2943 ± 0.0010 s, T30 0.2890 ± 0.0035 s; R001 EDT 0.2874 ± 0.0008 s, T30 0.2900 ± 0.0031 s; R002 EDT 0.2902 ± 0.0011 s, T30 0.2928 ± 0.0041 s
CELL 5x4x3 alpha 0.05 Random N 1500000 3 s dt 0.01 eps 5: 3 seeds, 18 receiver-bands; through in every seed: T30 18, EDT 18, C80 18, D50 18; wall re-read; refused {}
  T30: 18 of 18 receiver-bands in all 3 seeds; range of seeds 1-3 per receiver-band median 1.85 %, worst 4.45 %; of the cell's mean 0.58 %; relative sd per receiver-band pooled 1.16 % ± 0.14 % (36 dof); from it P(3-seed range <= 2 %) 0.557 per receiver-band, 0.000 for all 18; particles for a mean range of 2 % / 95 % per receiver-band / 95 % for all: 1.5 M / 5.5 M / 11.0 M
  EDT: 18 of 18 receiver-bands in all 3 seeds; range of seeds 1-3 per receiver-band median 0.52 %, worst 1.30 %; of the cell's mean 0.10 %; relative sd per receiver-band pooled 0.33 % ± 0.04 % (36 dof); from it P(3-seed range <= 2 %) 1.000 per receiver-band, 0.999 for all 18; particles for a mean range of 2 % / 95 % per receiver-band / 95 % for all: 0.1 M / 0.5 M / 0.9 M
  T30 estimated sd median 1.08 %, largest 1.38 %; mean T30 against Eyring (K = 24 ln10/343.2) over the bands +1.27 %; per band: 125 Hz 2.0343 s (+1.52 % ± 0.52 %); 250 Hz 2.0439 s (+2.00 % ± 0.32 %); 500 Hz 2.0312 s (+1.37 % ± 0.42 %); 1000 Hz 2.0303 s (+1.33 % ± 0.32 %); 2000 Hz 2.0274 s (+1.18 % ± 0.29 %); 4000 Hz 2.0081 s (+0.22 % ± 0.34 %)
  per receiver, mean over bands and seeds: R000 EDT 2.0254 ± 0.0017 s, T30 2.0271 ± 0.0055 s; R001 EDT 2.0230 ± 0.0015 s, T30 2.0324 ± 0.0064 s; R002 EDT 2.0262 ± 0.0014 s, T30 2.0281 ± 0.0056 s
CELL 5x4x3 alpha 0.1 Random N 1500000 2 s dt 0.01 eps 5: 3 seeds, 18 receiver-bands; through in every seed: T30 18, EDT 0, C80 18, D50 18; wall re-read; refused {"edt_s early_unresolved": 54}
  T30: 18 of 18 receiver-bands in all 3 seeds; range of seeds 1-3 per receiver-band median 2.75 %, worst 5.71 %; of the cell's mean 0.58 %; relative sd per receiver-band pooled 1.62 % ± 0.19 % (36 dof); from it P(3-seed range <= 2 %) 0.344 per receiver-band, 0.000 for all 18; particles for a mean range of 2 % / 95 % per receiver-band / 95 % for all: 2.8 M / 10.8 M / 21.4 M
  EDT: 18 of 18 receiver-bands in all 3 seeds; range of seeds 1-3 per receiver-band median 0.66 %, worst 1.07 %; of the cell's mean 0.20 %; relative sd per receiver-band pooled 0.35 % ± 0.04 % (36 dof); from it P(3-seed range <= 2 %) 1.000 per receiver-band, 0.997 for all 18; particles for a mean range of 2 % / 95 % per receiver-band / 95 % for all: 0.1 M / 0.5 M / 1.0 M
  T30 estimated sd median 1.57 %, largest 2.03 %; mean T30 against Eyring (K = 24 ln10/343.2) over the bands +2.15 %; per band: 125 Hz 1.0002 s (+2.54 % ± 0.37 %); 250 Hz 0.9973 s (+2.23 % ± 0.73 %); 500 Hz 1.0016 s (+2.68 % ± 0.46 %); 1000 Hz 0.9952 s (+2.02 % ± 0.76 %); 2000 Hz 1.0015 s (+2.67 % ± 0.45 %); 4000 Hz 0.9831 s (+0.78 % ± 0.39 %)
  per receiver, mean over bands and seeds: R000 EDT 0.9955 ± 0.0009 s, T30 0.9951 ± 0.0035 s; R001 EDT 0.9936 ± 0.0008 s, T30 1.0008 ± 0.0049 s; R002 EDT 0.9948 ± 0.0008 s, T30 0.9936 ± 0.0033 s
CELL 5x4x3 alpha 0.2 Random N 1500000 1.5 s dt 0.01 eps 5: 3 seeds, 18 receiver-bands; through in every seed: T30 9, EDT 0, C80 18, D50 18; wall re-read; refused {"edt_s early_unresolved": 54, "t30_s monte_carlo_noise": 9}
  T30: 18 of 18 receiver-bands in all 3 seeds; range of seeds 1-3 per receiver-band median 3.76 %, worst 8.61 %; of the cell's mean 0.15 %; relative sd per receiver-band pooled 2.25 % ± 0.27 % (36 dof); from it P(3-seed range <= 2 %) 0.195 per receiver-band, 0.000 for all 18; particles for a mean range of 2 % / 95 % per receiver-band / 95 % for all: 5.4 M / 20.8 M / 41.4 M
  EDT: 18 of 18 receiver-bands in all 3 seeds; range of seeds 1-3 per receiver-band median 0.87 %, worst 1.66 %; of the cell's mean 0.04 %; relative sd per receiver-band pooled 0.47 % ± 0.06 % (36 dof); from it P(3-seed range <= 2 %) 0.993 per receiver-band, 0.880 for all 18; particles for a mean range of 2 % / 95 % per receiver-band / 95 % for all: 0.2 M / 0.9 M / 1.8 M
  T30 estimated sd median 2.19 %, largest 3.51 %; mean T30 against Eyring (K = 24 ln10/343.2) over the bands +4.50 %; per band: 125 Hz 0.4776 s (+3.69 % ± 1.03 %); 250 Hz 0.4859 s (+5.49 % ± 0.57 %); 500 Hz 0.4782 s (+3.83 % ± 0.62 %); 1000 Hz 0.4789 s (+3.97 % ± 1.02 %); 2000 Hz 0.4869 s (+5.71 % ± 0.70 %); 4000 Hz 0.4803 s (+4.28 % ± 0.75 %)
  per receiver, mean over bands and seeds: R000 EDT 0.4766 ± 0.0005 s, T30 0.4796 ± 0.0026 s; R001 EDT 0.4760 ± 0.0006 s, T30 0.4835 ± 0.0026 s; R002 EDT 0.4762 ± 0.0007 s, T30 0.4808 ± 0.0031 s
CELL 5x4x3 alpha 0.4 Random N 1500000 1 s dt 0.01 eps 5: 3 seeds, 18 receiver-bands; through in every seed: T30 0, EDT 0, C80 18, D50 18; wall re-read; refused {"edt_s early_unresolved": 54, "t30_s monte_carlo_noise": 50}
  T30: 18 of 18 receiver-bands in all 3 seeds; range of seeds 1-3 per receiver-band median 4.51 %, worst 8.50 %; of the cell's mean 0.59 %; relative sd per receiver-band pooled 2.62 % ± 0.31 % (36 dof); from it P(3-seed range <= 2 %) 0.148 per receiver-band, 0.000 for all 18; particles for a mean range of 2 % / 95 % per receiver-band / 95 % for all: 7.4 M / 28.1 M / 56.0 M
  EDT: 18 of 18 receiver-bands in all 3 seeds; range of seeds 1-3 per receiver-band median 0.98 %, worst 2.43 %; of the cell's mean 0.25 %; relative sd per receiver-band pooled 0.61 % ± 0.07 % (36 dof); from it P(3-seed range <= 2 %) 0.950 per receiver-band, 0.395 for all 18; particles for a mean range of 2 % / 95 % per receiver-band / 95 % for all: 0.4 M / 1.5 M / 3.0 M
  T30 estimated sd median 3.28 %, largest 5.39 %; mean T30 against Eyring (K = 24 ln10/343.2) over the bands +9.37 %; per band: 125 Hz 0.2221 s (+10.37 % ± 1.30 %); 250 Hz 0.2171 s (+7.90 % ± 0.91 %); 500 Hz 0.2229 s (+10.77 % ± 1.23 %); 1000 Hz 0.2200 s (+9.36 % ± 0.73 %); 2000 Hz 0.2238 s (+11.22 % ± 0.84 %); 4000 Hz 0.2145 s (+6.59 % ± 0.63 %)
  per receiver, mean over bands and seeds: R000 EDT 0.2117 ± 0.0003 s, T30 0.2192 ± 0.0016 s; R001 EDT 0.2117 ± 0.0003 s, T30 0.2187 ± 0.0018 s; R002 EDT 0.2114 ± 0.0003 s, T30 0.2223 ± 0.0015 s
CELL 6x10x3 alpha 0.2 Energetic N 1500000 1 s dt 0.01 eps 9: 3 seeds, 18 receiver-bands; through in every seed: T30 0, EDT 0, C80 18, D50 18; wall re-read; refused {"edt_s early_unresolved": 54, "t30_s monte_carlo_noise": 54}
  T30: 18 of 18 receiver-bands in all 3 seeds; range of seeds 1-3 per receiver-band median 0.17 %, worst 0.27 %; of the cell's mean 0.02 %; relative sd per receiver-band pooled 0.09 % ± 0.01 % (36 dof); from it P(3-seed range <= 2 %) 1.000 per receiver-band, 1.000 for all 18; particles for a mean range of 2 % / 95 % per receiver-band / 95 % for all: 0.0 M / 0.0 M / 0.1 M
  EDT: 18 of 18 receiver-bands in all 3 seeds; range of seeds 1-3 per receiver-band median 0.42 %, worst 0.76 %; of the cell's mean 0.17 %; relative sd per receiver-band pooled 0.25 % ± 0.03 % (36 dof); from it P(3-seed range <= 2 %) 1.000 per receiver-band, 1.000 for all 18; particles for a mean range of 2 % / 95 % per receiver-band / 95 % for all: 0.1 M / 0.3 M / 0.5 M
  T30 estimated sd median 3.61 %, largest 4.13 %; mean T30 against Eyring (K = 24 ln10/343.2) over the bands +4.95 %; per band: 125 Hz 0.6312 s (+4.97 % ± 0.03 %); 250 Hz 0.6310 s (+4.93 % ± 0.01 %); 500 Hz 0.6312 s (+4.97 % ± 0.03 %); 1000 Hz 0.6313 s (+4.99 % ± 0.03 %); 2000 Hz 0.6310 s (+4.94 % ± 0.04 %); 4000 Hz 0.6309 s (+4.92 % ± 0.04 %)
  per receiver, mean over bands and seeds: R000 EDT 0.6344 ± 0.0004 s, T30 0.6311 ± 0.0001 s; R001 EDT 0.6264 ± 0.0004 s, T30 0.6313 ± 0.0002 s; R002 EDT 0.6327 ± 0.0004 s, T30 0.6310 ± 0.0002 s
CELL 6x10x3 alpha 0.4 Energetic N 1500000 0.5 s dt 0.01 eps 9: 3 seeds, 18 receiver-bands; through in every seed: T30 0, EDT 0, C80 18, D50 18; wall re-read; refused {"edt_s early_unresolved": 54, "t30_s monte_carlo_noise": 54}
  T30: 18 of 18 receiver-bands in all 3 seeds; range of seeds 1-3 per receiver-band median 0.28 %, worst 0.65 %; of the cell's mean 0.08 %; relative sd per receiver-band pooled 0.18 % ± 0.02 % (36 dof); from it P(3-seed range <= 2 %) 1.000 per receiver-band, 1.000 for all 18; particles for a mean range of 2 % / 95 % per receiver-band / 95 % for all: 0.0 M / 0.1 M / 0.3 M
  EDT: 18 of 18 receiver-bands in all 3 seeds; range of seeds 1-3 per receiver-band median 0.73 %, worst 1.52 %; of the cell's mean 0.05 %; relative sd per receiver-band pooled 0.39 % ± 0.05 % (36 dof); from it P(3-seed range <= 2 %) 0.999 per receiver-band, 0.982 for all 18; particles for a mean range of 2 % / 95 % per receiver-band / 95 % for all: 0.2 M / 0.6 M / 1.3 M
  T30 estimated sd median 5.79 %, largest 7.27 %; mean T30 against Eyring (K = 24 ln10/343.2) over the bands +10.73 %; per band: 125 Hz 0.2912 s (+10.86 % ± 0.08 %); 250 Hz 0.2905 s (+10.58 % ± 0.06 %); 500 Hz 0.2908 s (+10.69 % ± 0.06 %); 1000 Hz 0.2908 s (+10.72 % ± 0.09 %); 2000 Hz 0.2910 s (+10.77 % ± 0.04 %); 4000 Hz 0.2909 s (+10.73 % ± 0.05 %)
  per receiver, mean over bands and seeds: R000 EDT 0.2946 ± 0.0003 s, T30 0.2908 ± 0.0001 s; R001 EDT 0.2879 ± 0.0003 s, T30 0.2906 ± 0.0001 s; R002 EDT 0.2912 ± 0.0003 s, T30 0.2911 ± 0.0001 s
CELL 5x4x3 alpha 0.2 Energetic N 1500000 0.8 s dt 0.01 eps 9: 3 seeds, 18 receiver-bands; through in every seed: T30 18, EDT 0, C80 18, D50 18; wall re-read; refused {"edt_s early_unresolved": 54}
  T30: 18 of 18 receiver-bands in all 3 seeds; range of seeds 1-3 per receiver-band median 0.10 %, worst 0.24 %; of the cell's mean 0.07 %; relative sd per receiver-band pooled 0.07 % ± 0.01 % (36 dof); from it P(3-seed range <= 2 %) 1.000 per receiver-band, 1.000 for all 18; particles for a mean range of 2 % / 95 % per receiver-band / 95 % for all: 0.0 M / 0.0 M / 0.0 M
  EDT: 18 of 18 receiver-bands in all 3 seeds; range of seeds 1-3 per receiver-band median 0.31 %, worst 0.75 %; of the cell's mean 0.04 %; relative sd per receiver-band pooled 0.17 % ± 0.02 % (36 dof); from it P(3-seed range <= 2 %) 1.000 per receiver-band, 1.000 for all 18; particles for a mean range of 2 % / 95 % per receiver-band / 95 % for all: 0.0 M / 0.1 M / 0.2 M
  T30 estimated sd median 2.18 %, largest 2.31 %; mean T30 against Eyring (K = 24 ln10/343.2) over the bands +4.45 %; per band: 125 Hz 0.4811 s (+4.45 % ± 0.02 %); 250 Hz 0.4811 s (+4.45 % ± 0.03 %); 500 Hz 0.4811 s (+4.45 % ± 0.02 %); 1000 Hz 0.4812 s (+4.46 % ± 0.03 %); 2000 Hz 0.4810 s (+4.43 % ± 0.02 %); 4000 Hz 0.4812 s (+4.48 % ± 0.02 %)
  per receiver, mean over bands and seeds: R000 EDT 0.4769 ± 0.0002 s, T30 0.4811 ± 0.0001 s; R001 EDT 0.4767 ± 0.0002 s, T30 0.4811 ± 0.0001 s; R002 EDT 0.4764 ± 0.0002 s, T30 0.4812 ± 0.0001 s
CELL 5x4x3 alpha 0.4 Energetic N 1500000 0.4 s dt 0.01 eps 9: 3 seeds, 18 receiver-bands; through in every seed: T30 0, EDT 0, C80 18, D50 18; wall re-read; refused {"edt_s early_unresolved": 54, "t30_s monte_carlo_noise": 54}
  T30: 18 of 18 receiver-bands in all 3 seeds; range of seeds 1-3 per receiver-band median 0.22 %, worst 0.49 %; of the cell's mean 0.04 %; relative sd per receiver-band pooled 0.12 % ± 0.01 % (36 dof); from it P(3-seed range <= 2 %) 1.000 per receiver-band, 1.000 for all 18; particles for a mean range of 2 % / 95 % per receiver-band / 95 % for all: 0.0 M / 0.1 M / 0.1 M
  EDT: 18 of 18 receiver-bands in all 3 seeds; range of seeds 1-3 per receiver-band median 0.56 %, worst 1.13 %; of the cell's mean 0.16 %; relative sd per receiver-band pooled 0.31 % ± 0.04 % (36 dof); from it P(3-seed range <= 2 %) 1.000 per receiver-band, 1.000 for all 18; particles for a mean range of 2 % / 95 % per receiver-band / 95 % for all: 0.1 M / 0.4 M / 0.8 M
  T30 estimated sd median 3.38 %, largest 3.55 %; mean T30 against Eyring (K = 24 ln10/343.2) over the bands +9.24 %; per band: 125 Hz 0.2199 s (+9.28 % ± 0.04 %); 250 Hz 0.2198 s (+9.23 % ± 0.04 %); 500 Hz 0.2199 s (+9.29 % ± 0.04 %); 1000 Hz 0.2198 s (+9.23 % ± 0.03 %); 2000 Hz 0.2197 s (+9.19 % ± 0.04 %); 4000 Hz 0.2198 s (+9.23 % ± 0.04 %)
  per receiver, mean over bands and seeds: R000 EDT 0.2123 ± 0.0002 s, T30 0.2198 ± 0.0000 s; R001 EDT 0.2123 ± 0.0001 s, T30 0.2198 ± 0.0001 s; R002 EDT 0.2115 ± 0.0002 s, T30 0.2198 ± 0.0001 s
CELL 6x10x3 alpha 0.2 Energetic N 1500000 1 s dt 0.01 eps 7: 3 seeds, 18 receiver-bands; through in every seed: T30 0, EDT 0, C80 18, D50 18; wall re-read; refused {"edt_s early_unresolved": 54, "t30_s monte_carlo_noise": 54}
  T30: 18 of 18 receiver-bands in all 3 seeds; range of seeds 1-3 per receiver-band median 0.18 %, worst 0.40 %; of the cell's mean 0.04 %; relative sd per receiver-band pooled 0.11 % ± 0.01 % (36 dof); from it P(3-seed range <= 2 %) 1.000 per receiver-band, 1.000 for all 18; particles for a mean range of 2 % / 95 % per receiver-band / 95 % for all: 0.0 M / 0.1 M / 0.1 M
  EDT: 18 of 18 receiver-bands in all 3 seeds; range of seeds 1-3 per receiver-band median 0.42 %, worst 0.88 %; of the cell's mean 0.11 %; relative sd per receiver-band pooled 0.25 % ± 0.03 % (36 dof); from it P(3-seed range <= 2 %) 1.000 per receiver-band, 1.000 for all 18; particles for a mean range of 2 % / 95 % per receiver-band / 95 % for all: 0.1 M / 0.3 M / 0.5 M
  T30 estimated sd median 3.62 %, largest 4.10 %; mean T30 against Eyring (K = 24 ln10/343.2) over the bands +4.96 %; per band: 125 Hz 0.6313 s (+4.98 % ± 0.05 %); 250 Hz 0.6315 s (+5.02 % ± 0.03 %); 500 Hz 0.6307 s (+4.89 % ± 0.04 %); 1000 Hz 0.6312 s (+4.97 % ± 0.04 %); 2000 Hz 0.6311 s (+4.96 % ± 0.05 %); 4000 Hz 0.6310 s (+4.94 % ± 0.03 %)
  per receiver, mean over bands and seeds: R000 EDT 0.6344 ± 0.0005 s, T30 0.6310 ± 0.0002 s; R001 EDT 0.6269 ± 0.0004 s, T30 0.6313 ± 0.0001 s; R002 EDT 0.6330 ± 0.0003 s, T30 0.6311 ± 0.0002 s
test m8_cells ... ok

test result: ok. 1 passed; 0 failed; 0 ignored; 0 measured; 5 filtered out; finished in 5.31s

