
running 1 test
CELL 6x10x3 alpha 0.1 Random N 6000000 3 s dt 0.01 eps 5: 3 seeds, 18 receiver-bands; through in every seed: T30 18, EDT 18, C80 18, D50 18; wall re-read; refused {}
  T30: 18 of 18 receiver-bands in all 3 seeds; range of seeds 1-3 per receiver-band median 2.47 %, worst 5.90 %; of the cell's mean 0.20 %; relative sd per receiver-band pooled 1.35 % ± 0.16 % (36 dof); from it P(3-seed range <= 2 %) 0.452 per receiver-band, 0.000 for all 18; particles for a mean range of 2 % / 95 % per receiver-band / 95 % for all: 7.9 M / 30.1 M / 59.9 M
  EDT: 18 of 18 receiver-bands in all 3 seeds; range of seeds 1-3 per receiver-band median 0.52 %, worst 1.04 %; of the cell's mean 0.06 %; relative sd per receiver-band pooled 0.30 % ± 0.04 % (36 dof); from it P(3-seed range <= 2 %) 1.000 per receiver-band, 1.000 for all 18; particles for a mean range of 2 % / 95 % per receiver-band / 95 % for all: 0.4 M / 1.5 M / 2.9 M
  T30 estimated sd median 1.18 %, largest 1.60 %; mean T30 against Eyring (K = 24 ln10/343.2) over the bands +2.46 %; per band: 125 Hz 1.3045 s (+2.43 % ± 0.40 %); 250 Hz 1.3064 s (+2.57 % ± 0.34 %); 500 Hz 1.3062 s (+2.56 % ± 0.64 %); 1000 Hz 1.3082 s (+2.72 % ± 0.43 %); 2000 Hz 1.2992 s (+2.01 % ± 0.38 %); 4000 Hz 1.3048 s (+2.45 % ± 0.39 %)
  per receiver, mean over bands and seeds: R000 EDT 1.3074 ± 0.0010 s, T30 1.3035 ± 0.0041 s; R001 EDT 1.3013 ± 0.0009 s, T30 1.3037 ± 0.0036 s; R002 EDT 1.3050 ± 0.0009 s, T30 1.3074 ± 0.0042 s
CELL 6x10x3 alpha 0.2 Random N 8000000 2 s dt 0.01 eps 5: 3 seeds, 18 receiver-bands; through in every seed: T30 18, EDT 0, C80 18, D50 18; wall re-read; refused {"edt_s early_unresolved": 54}
  T30: 18 of 18 receiver-bands in all 3 seeds; range of seeds 1-3 per receiver-band median 2.31 %, worst 4.49 %; of the cell's mean 0.11 %; relative sd per receiver-band pooled 1.36 % ± 0.16 % (36 dof); from it P(3-seed range <= 2 %) 0.447 per receiver-band, 0.000 for all 18; particles for a mean range of 2 % / 95 % per receiver-band / 95 % for all: 10.7 M / 40.8 M / 81.1 M
  EDT: 18 of 18 receiver-bands in all 3 seeds; range of seeds 1-3 per receiver-band median 0.75 %, worst 1.10 %; of the cell's mean 0.16 %; relative sd per receiver-band pooled 0.38 % ± 0.05 % (36 dof); from it P(3-seed range <= 2 %) 0.999 per receiver-band, 0.988 for all 18; particles for a mean range of 2 % / 95 % per receiver-band / 95 % for all: 0.8 M / 3.2 M / 6.4 M
  T30 estimated sd median 1.53 %, largest 2.11 %; mean T30 against Eyring (K = 24 ln10/343.2) over the bands +4.60 %; per band: 125 Hz 0.6286 s (+4.53 % ± 0.37 %); 250 Hz 0.6346 s (+5.52 % ± 0.50 %); 500 Hz 0.6266 s (+4.20 % ± 0.31 %); 1000 Hz 0.6266 s (+4.20 % ± 0.35 %); 2000 Hz 0.6309 s (+4.91 % ± 0.48 %); 4000 Hz 0.6266 s (+4.20 % ± 0.50 %)
  per receiver, mean over bands and seeds: R000 EDT 0.6334 ± 0.0006 s, T30 0.6304 ± 0.0019 s; R001 EDT 0.6262 ± 0.0005 s, T30 0.6288 ± 0.0017 s; R002 EDT 0.6328 ± 0.0005 s, T30 0.6278 ± 0.0022 s
CELL 6x10x3 alpha 0.4 Random N 48000000 1 s dt 0.01 eps 5: 3 seeds, 18 receiver-bands; through in every seed: T30 18, EDT 0, C80 18, D50 18; wall re-read; refused {"edt_s early_unresolved": 54}
  T30: 18 of 18 receiver-bands in all 3 seeds; range of seeds 1-3 per receiver-band median 1.83 %, worst 4.49 %; of the cell's mean 0.72 %; relative sd per receiver-band pooled 1.14 % ± 0.13 % (36 dof); from it P(3-seed range <= 2 %) 0.569 per receiver-band, 0.000 for all 18; particles for a mean range of 2 % / 95 % per receiver-band / 95 % for all: 45.0 M / 171.9 M / 342.0 M
  EDT: 18 of 18 receiver-bands in all 3 seeds; range of seeds 1-3 per receiver-band median 0.38 %, worst 0.87 %; of the cell's mean 0.08 %; relative sd per receiver-band pooled 0.25 % ± 0.03 % (36 dof); from it P(3-seed range <= 2 %) 1.000 per receiver-band, 1.000 for all 18; particles for a mean range of 2 % / 95 % per receiver-band / 95 % for all: 2.1 M / 8.1 M / 16.1 M
  T30 estimated sd median 0.98 %, largest 1.23 %; mean T30 against Eyring (K = 24 ln10/343.2) over the bands +10.72 %; per band: 125 Hz 0.2919 s (+11.13 % ± 0.28 %); 250 Hz 0.2900 s (+10.40 % ± 0.46 %); 500 Hz 0.2909 s (+10.73 % ± 0.34 %); 1000 Hz 0.2918 s (+11.09 % ± 0.42 %); 2000 Hz 0.2902 s (+10.47 % ± 0.30 %); 4000 Hz 0.2903 s (+10.53 % ± 0.35 %)
  per receiver, mean over bands and seeds: R000 EDT 0.2941 ± 0.0002 s, T30 0.2918 ± 0.0008 s; R001 EDT 0.2883 ± 0.0002 s, T30 0.2898 ± 0.0005 s; R002 EDT 0.2915 ± 0.0002 s, T30 0.2909 ± 0.0008 s
CELL 5x4x3 alpha 0.2 Random N 8000000 1.5 s dt 0.01 eps 5: 3 seeds, 18 receiver-bands; through in every seed: T30 18, EDT 0, C80 18, D50 18; wall re-read; refused {"edt_s early_unresolved": 54}
  T30: 18 of 18 receiver-bands in all 3 seeds; range of seeds 1-3 per receiver-band median 1.78 %, worst 3.43 %; of the cell's mean 0.52 %; relative sd per receiver-band pooled 1.05 % ± 0.12 % (36 dof); from it P(3-seed range <= 2 %) 0.634 per receiver-band, 0.000 for all 18; particles for a mean range of 2 % / 95 % per receiver-band / 95 % for all: 6.3 M / 23.9 M / 47.7 M
  EDT: 18 of 18 receiver-bands in all 3 seeds; range of seeds 1-3 per receiver-band median 0.43 %, worst 0.82 %; of the cell's mean 0.08 %; relative sd per receiver-band pooled 0.24 % ± 0.03 % (36 dof); from it P(3-seed range <= 2 %) 1.000 per receiver-band, 1.000 for all 18; particles for a mean range of 2 % / 95 % per receiver-band / 95 % for all: 0.3 M / 1.3 M / 2.5 M
  T30 estimated sd median 0.92 %, largest 1.09 %; mean T30 against Eyring (K = 24 ln10/343.2) over the bands +4.68 %; per band: 125 Hz 0.4811 s (+4.45 % ± 0.38 %); 250 Hz 0.4820 s (+4.65 % ± 0.19 %); 500 Hz 0.4824 s (+4.73 % ± 0.49 %); 1000 Hz 0.4828 s (+4.82 % ± 0.34 %); 2000 Hz 0.4829 s (+4.84 % ± 0.25 %); 4000 Hz 0.4818 s (+4.60 % ± 0.31 %)
  per receiver, mean over bands and seeds: R000 EDT 0.4767 ± 0.0003 s, T30 0.4830 ± 0.0012 s; R001 EDT 0.4769 ± 0.0003 s, T30 0.4808 ± 0.0011 s; R002 EDT 0.4762 ± 0.0003 s, T30 0.4827 ± 0.0011 s
CELL 5x4x3 alpha 0.4 Random N 8000000 1 s dt 0.01 eps 5: 3 seeds, 18 receiver-bands; through in every seed: T30 18, EDT 0, C80 18, D50 18; wall re-read; refused {"edt_s early_unresolved": 54}
  T30: 18 of 18 receiver-bands in all 3 seeds; range of seeds 1-3 per receiver-band median 2.15 %, worst 4.83 %; of the cell's mean 0.56 %; relative sd per receiver-band pooled 1.53 % ± 0.18 % (36 dof); from it P(3-seed range <= 2 %) 0.378 per receiver-band, 0.000 for all 18; particles for a mean range of 2 % / 95 % per receiver-band / 95 % for all: 13.3 M / 51.0 M / 101.4 M
  EDT: 18 of 18 receiver-bands in all 3 seeds; range of seeds 1-3 per receiver-band median 0.56 %, worst 1.12 %; of the cell's mean 0.27 %; relative sd per receiver-band pooled 0.34 % ± 0.04 % (36 dof); from it P(3-seed range <= 2 %) 1.000 per receiver-band, 0.998 for all 18; particles for a mean range of 2 % / 95 % per receiver-band / 95 % for all: 0.7 M / 2.5 M / 5.0 M
  T30 estimated sd median 1.47 %, largest 2.02 %; mean T30 against Eyring (K = 24 ln10/343.2) over the bands +9.25 %; per band: 125 Hz 0.2205 s (+9.60 % ± 0.53 %); 250 Hz 0.2187 s (+8.71 % ± 0.47 %); 500 Hz 0.2192 s (+8.95 % ± 0.45 %); 1000 Hz 0.2215 s (+10.09 % ± 0.68 %); 2000 Hz 0.2199 s (+9.30 % ± 0.40 %); 4000 Hz 0.2190 s (+8.85 % ± 0.44 %)
  per receiver, mean over bands and seeds: R000 EDT 0.2120 ± 0.0002 s, T30 0.2204 ± 0.0009 s; R001 EDT 0.2120 ± 0.0001 s, T30 0.2193 ± 0.0006 s; R002 EDT 0.2116 ± 0.0002 s, T30 0.2198 ± 0.0009 s
CELL 6x10x3 alpha 0.2 Energetic N 4500000 1 s dt 0.01 eps 9: 3 seeds, 18 receiver-bands; through in every seed: T30 18, EDT 0, C80 18, D50 18; wall re-read; refused {"edt_s early_unresolved": 54}
  T30: 18 of 18 receiver-bands in all 3 seeds; range of seeds 1-3 per receiver-band median 0.12 %, worst 0.26 %; of the cell's mean 0.02 %; relative sd per receiver-band pooled 0.07 % ± 0.01 % (36 dof); from it P(3-seed range <= 2 %) 1.000 per receiver-band, 1.000 for all 18; particles for a mean range of 2 % / 95 % per receiver-band / 95 % for all: 0.0 M / 0.1 M / 0.1 M
  EDT: 18 of 18 receiver-bands in all 3 seeds; range of seeds 1-3 per receiver-band median 0.36 %, worst 0.49 %; of the cell's mean 0.07 %; relative sd per receiver-band pooled 0.18 % ± 0.02 % (36 dof); from it P(3-seed range <= 2 %) 1.000 per receiver-band, 1.000 for all 18; particles for a mean range of 2 % / 95 % per receiver-band / 95 % for all: 0.1 M / 0.4 M / 0.8 M
  T30 estimated sd median 2.11 %, largest 2.39 %; mean T30 against Eyring (K = 24 ln10/343.2) over the bands +4.96 %; per band: 125 Hz 0.6311 s (+4.96 % ± 0.01 %); 250 Hz 0.6311 s (+4.95 % ± 0.01 %); 500 Hz 0.6312 s (+4.97 % ± 0.02 %); 1000 Hz 0.6311 s (+4.95 % ± 0.03 %); 2000 Hz 0.6313 s (+4.99 % ± 0.04 %); 4000 Hz 0.6311 s (+4.96 % ± 0.03 %)
  per receiver, mean over bands and seeds: R000 EDT 0.6345 ± 0.0003 s, T30 0.6311 ± 0.0001 s; R001 EDT 0.6263 ± 0.0003 s, T30 0.6313 ± 0.0001 s; R002 EDT 0.6328 ± 0.0003 s, T30 0.6312 ± 0.0001 s
CELL 6x10x3 alpha 0.4 Energetic N 13000000 0.5 s dt 0.01 eps 9: 3 seeds, 18 receiver-bands; through in every seed: T30 18, EDT 0, C80 18, D50 18; wall re-read; refused {"edt_s early_unresolved": 54}
  T30: 18 of 18 receiver-bands in all 3 seeds; range of seeds 1-3 per receiver-band median 0.10 %, worst 0.19 %; of the cell's mean 0.04 %; relative sd per receiver-band pooled 0.06 % ± 0.01 % (36 dof); from it P(3-seed range <= 2 %) 1.000 per receiver-band, 1.000 for all 18; particles for a mean range of 2 % / 95 % per receiver-band / 95 % for all: 0.0 M / 0.1 M / 0.2 M
  EDT: 18 of 18 receiver-bands in all 3 seeds; range of seeds 1-3 per receiver-band median 0.21 %, worst 0.43 %; of the cell's mean 0.02 %; relative sd per receiver-band pooled 0.13 % ± 0.02 % (36 dof); from it P(3-seed range <= 2 %) 1.000 per receiver-band, 1.000 for all 18; particles for a mean range of 2 % / 95 % per receiver-band / 95 % for all: 0.2 M / 0.6 M / 1.3 M
  T30 estimated sd median 1.93 %, largest 2.34 %; mean T30 against Eyring (K = 24 ln10/343.2) over the bands +10.74 %; per band: 125 Hz 0.2908 s (+10.72 % ± 0.02 %); 250 Hz 0.2909 s (+10.75 % ± 0.02 %); 500 Hz 0.2909 s (+10.73 % ± 0.02 %); 1000 Hz 0.2909 s (+10.74 % ± 0.03 %); 2000 Hz 0.2910 s (+10.78 % ± 0.02 %); 4000 Hz 0.2909 s (+10.74 % ± 0.02 %)
  per receiver, mean over bands and seeds: R000 EDT 0.2943 ± 0.0001 s, T30 0.2910 ± 0.0000 s; R001 EDT 0.2882 ± 0.0001 s, T30 0.2908 ± 0.0000 s; R002 EDT 0.2913 ± 0.0001 s, T30 0.2909 ± 0.0000 s
CELL 5x4x3 alpha 0.4 Energetic N 3500000 0.4 s dt 0.01 eps 9: 3 seeds, 18 receiver-bands; through in every seed: T30 18, EDT 0, C80 18, D50 18; wall re-read; refused {"edt_s early_unresolved": 54}
  T30: 18 of 18 receiver-bands in all 3 seeds; range of seeds 1-3 per receiver-band median 0.12 %, worst 0.29 %; of the cell's mean 0.01 %; relative sd per receiver-band pooled 0.08 % ± 0.01 % (36 dof); from it P(3-seed range <= 2 %) 1.000 per receiver-band, 1.000 for all 18; particles for a mean range of 2 % / 95 % per receiver-band / 95 % for all: 0.0 M / 0.1 M / 0.1 M
  EDT: 18 of 18 receiver-bands in all 3 seeds; range of seeds 1-3 per receiver-band median 0.32 %, worst 0.73 %; of the cell's mean 0.12 %; relative sd per receiver-band pooled 0.20 % ± 0.02 % (36 dof); from it P(3-seed range <= 2 %) 1.000 per receiver-band, 1.000 for all 18; particles for a mean range of 2 % / 95 % per receiver-band / 95 % for all: 0.1 M / 0.4 M / 0.8 M
  T30 estimated sd median 2.15 %, largest 2.46 %; mean T30 against Eyring (K = 24 ln10/343.2) over the bands +9.24 %; per band: 125 Hz 0.2199 s (+9.27 % ± 0.03 %); 250 Hz 0.2197 s (+9.21 % ± 0.02 %); 500 Hz 0.2198 s (+9.24 % ± 0.03 %); 1000 Hz 0.2198 s (+9.26 % ± 0.03 %); 2000 Hz 0.2198 s (+9.25 % ± 0.03 %); 4000 Hz 0.2197 s (+9.19 % ± 0.03 %)
  per receiver, mean over bands and seeds: R000 EDT 0.2122 ± 0.0001 s, T30 0.2198 ± 0.0000 s; R001 EDT 0.2122 ± 0.0001 s, T30 0.2197 ± 0.0000 s; R002 EDT 0.2115 ± 0.0001 s, T30 0.2198 ± 0.0000 s
CELL 5x4x3 alpha 0.2 Energetic N 1500000 0.8 s dt 0.01 eps 7: 3 seeds, 18 receiver-bands; through in every seed: T30 18, EDT 0, C80 18, D50 18; wall re-read; refused {"edt_s early_unresolved": 54}
  T30: 18 of 18 receiver-bands in all 3 seeds; range of seeds 1-3 per receiver-band median 0.10 %, worst 0.16 %; of the cell's mean 0.02 %; relative sd per receiver-band pooled 0.06 % ± 0.01 % (36 dof); from it P(3-seed range <= 2 %) 1.000 per receiver-band, 1.000 for all 18; particles for a mean range of 2 % / 95 % per receiver-band / 95 % for all: 0.0 M / 0.0 M / 0.0 M
  EDT: 18 of 18 receiver-bands in all 3 seeds; range of seeds 1-3 per receiver-band median 0.24 %, worst 0.46 %; of the cell's mean 0.07 %; relative sd per receiver-band pooled 0.14 % ± 0.02 % (36 dof); from it P(3-seed range <= 2 %) 1.000 per receiver-band, 1.000 for all 18; particles for a mean range of 2 % / 95 % per receiver-band / 95 % for all: 0.0 M / 0.1 M / 0.2 M
  T30 estimated sd median 2.19 %, largest 2.35 %; mean T30 against Eyring (K = 24 ln10/343.2) over the bands +4.43 %; per band: 125 Hz 0.4809 s (+4.41 % ± 0.02 %); 250 Hz 0.4811 s (+4.45 % ± 0.02 %); 500 Hz 0.4810 s (+4.44 % ± 0.02 %); 1000 Hz 0.4810 s (+4.43 % ± 0.01 %); 2000 Hz 0.4810 s (+4.44 % ± 0.02 %); 4000 Hz 0.4810 s (+4.42 % ± 0.02 %)
  per receiver, mean over bands and seeds: R000 EDT 0.4767 ± 0.0002 s, T30 0.4811 ± 0.0001 s; R001 EDT 0.4769 ± 0.0002 s, T30 0.4810 ± 0.0001 s; R002 EDT 0.4769 ± 0.0001 s, T30 0.4810 ± 0.0001 s
test m8_cells ... ok

test result: ok. 1 passed; 0 failed; 0 ignored; 0 measured; 5 filtered out; finished in 2.50s

